Archive member included to satisfy reference by file (symbol)

/opt/st/stm32cubeide_1.19.0/plugins/com.st.stm32cube.ide.mcu.externaltools.gnu-tools-for-stm32.13.3.rel1.linux64_1.0.0.202410170706/tools/bin/../lib/gcc/arm-none-eabi/13.3.1/../../../../arm-none-eabi/lib/thumb/v7e-m+fp/hard/libc_nano.a(libc_a-exit.o)
                              /opt/st/stm32cubeide_1.19.0/plugins/com.st.stm32cube.ide.mcu.externaltools.gnu-tools-for-stm32.13.3.rel1.linux64_1.0.0.202410170706/tools/bin/../lib/gcc/arm-none-eabi/13.3.1/../../../../arm-none-eabi/lib/thumb/v7e-m+fp/hard/crt0.o (exit)
/opt/st/stm32cubeide_1.19.0/plugins/com.st.stm32cube.ide.mcu.externaltools.gnu-tools-for-stm32.13.3.rel1.linux64_1.0.0.202410170706/tools/bin/../lib/gcc/arm-none-eabi/13.3.1/../../../../arm-none-eabi/lib/thumb/v7e-m+fp/hard/libc_nano.a(libc_a-findfp.o)
                              /opt/st/stm32cubeide_1.19.0/plugins/com.st.stm32cube.ide.mcu.externaltools.gnu-tools-for-stm32.13.3.rel1.linux64_1.0.0.202410170706/tools/bin/../lib/gcc/arm-none-eabi/13.3.1/../../../../arm-none-eabi/lib/thumb/v7e-m+fp/hard/libc_nano.a(libc_a-exit.o) (__stdio_exit_handler)
/opt/st/stm32cubeide_1.19.0/plugins/com.st.stm32cube.ide.mcu.externaltools.gnu-tools-for-stm32.13.3.rel1.linux64_1.0.0.202410170706/tools/bin/../lib/gcc/arm-none-eabi/13.3.1/../../../../arm-none-eabi/lib/thumb/v7e-m+fp/hard/libc_nano.a(libc_a-fwalk.o)
                              /opt/st/stm32cubeide_1.19.0/plugins/com.st.stm32cube.ide.mcu.externaltools.gnu-tools-for-stm32.13.3.rel1.linux64_1.0.0.202410170706/tools/bin/../lib/gcc/arm-none-eabi/13.3.1/../../../../arm-none-eabi/lib/thumb/v7e-m+fp/hard/libc_nano.a(libc_a-findfp.o) (_fwalk_sglue)
/opt/st/stm32cubeide_1.19.0/plugins/com.st.stm32cube.ide.mcu.externaltools.gnu-tools-for-stm32.13.3.rel1.linux64_1.0.0.202410170706/tools/bin/../lib/gcc/arm-none-eabi/13.3.1/../../../../arm-none-eabi/lib/thumb/v7e-m+fp/hard/libc_nano.a(libc_a-printf.o)
                              ./Core/Src/AutoMode.o (printf)
/opt/st/stm32cubeide_1.19.0/plugins/com.st.stm32cube.ide.mcu.externaltools.gnu-tools-for-stm32.13.3.rel1.linux64_1.0.0.202410170706/tools/bin/../lib/gcc/arm-none-eabi/13.3.1/../../../../arm-none-eabi/lib/thumb/v7e-m+fp/hard/libc_nano.a(libc_a-stdio.o)
                              /opt/st/stm32cubeide_1.19.0/plugins/com.st.stm32cube.ide.mcu.externaltools.gnu-tools-for-stm32.13.3.rel1.linux64_1.0.0.202410170706/tools/bin/../lib/gcc/arm-none-eabi/13.3.1/../../../../arm-none-eabi/lib/thumb/v7e-m+fp/hard/libc_nano.a(libc_a-findfp.o) (__sread)
/opt/st/stm32cubeide_1.19.0/plugins/com.st.stm32cube.ide.mcu.externaltools.gnu-tools-for-stm32.13.3.rel1.linux64_1.0.0.202410170706/tools/bin/../lib/gcc/arm-none-eabi/13.3.1/../../../../arm-none-eabi/lib/thumb/v7e-m+fp/hard/libc_nano.a(libc_a-memset.o)
                              /opt/st/stm32cubeide_1.19.0/plugins/com.st.stm32cube.ide.mcu.externaltools.gnu-tools-for-stm32.13.3.rel1.linux64_1.0.0.202410170706/tools/bin/../lib/gcc/arm-none-eabi/13.3.1/../../../../arm-none-eabi/lib/thumb/v7e-m+fp/hard/crt0.o (memset)
/opt/st/stm32cubeide_1.19.0/plugins/com.st.stm32cube.ide.mcu.externaltools.gnu-tools-for-stm32.13.3.rel1.linux64_1.0.0.202410170706/tools/bin/../lib/gcc/arm-none-eabi/13.3.1/../../../../arm-none-eabi/lib/thumb/v7e-m+fp/hard/libc_nano.a(libc_a-closer.o)
                              /opt/st/stm32cubeide_1.19.0/plugins/com.st.stm32cube.ide.mcu.externaltools.gnu-tools-for-stm32.13.3.rel1.linux64_1.0.0.202410170706/tools/bin/../lib/gcc/arm-none-eabi/13.3.1/../../../../arm-none-eabi/lib/thumb/v7e-m+fp/hard/libc_nano.a(libc_a-stdio.o) (_close_r)
/opt/st/stm32cubeide_1.19.0/plugins/com.st.stm32cube.ide.mcu.externaltools.gnu-tools-for-stm32.13.3.rel1.linux64_1.0.0.202410170706/tools/bin/../lib/gcc/arm-none-eabi/13.3.1/../../../../arm-none-eabi/lib/thumb/v7e-m+fp/hard/libc_nano.a(libc_a-reent.o)
                              /opt/st/stm32cubeide_1.19.0/plugins/com.st.stm32cube.ide.mcu.externaltools.gnu-tools-for-stm32.13.3.rel1.linux64_1.0.0.202410170706/tools/bin/../lib/gcc/arm-none-eabi/13.3.1/../../../../arm-none-eabi/lib/thumb/v7e-m+fp/hard/libc_nano.a(libc_a-closer.o) (errno)
/opt/st/stm32cubeide_1.19.0/plugins/com.st.stm32cube.ide.mcu.externaltools.gnu-tools-for-stm32.13.3.rel1.linux64_1.0.0.202410170706/tools/bin/../lib/gcc/arm-none-eabi/13.3.1/../../../../arm-none-eabi/lib/thumb/v7e-m+fp/hard/libc_nano.a(libc_a-impure.o)
                              /opt/st/stm32cubeide_1.19.0/plugins/com.st.stm32cube.ide.mcu.externaltools.gnu-tools-for-stm32.13.3.rel1.linux64_1.0.0.202410170706/tools/bin/../lib/gcc/arm-none-eabi/13.3.1/../../../../arm-none-eabi/lib/thumb/v7e-m+fp/hard/libc_nano.a(libc_a-printf.o) (_impure_ptr)
/opt/st/stm32cubeide_1.19.0/plugins/com.st.stm32cube.ide.mcu.externaltools.gnu-tools-for-stm32.13.3.rel1.linux64_1.0.0.202410170706/tools/bin/../lib/gcc/arm-none-eabi/13.3.1/../../../../arm-none-eabi/lib/thumb/v7e-m+fp/hard/libc_nano.a(libc_a-lseekr.o)
[...]
Memory Configuration

Name             Origin             Length             Attributes
RAM              0x20000000         0x00020000         xrw
FLASH            0x08000000         0x00080000         xr
*default*        0x00000000         0xffffffff

Linker script and memory map

LOAD /opt/st/stm32cubeide_1.19.0/plugins/com.st.stm32cube.ide.mcu.externaltools.gnu-tools-for-stm32.13.3.rel1.linux64_1.0.0.202410170706/tools/bin/../lib/gcc/arm-none-eabi/13.3.1/thumb/v7e-m+fp/hard/crti.o
LOAD /opt/st/stm32cubeide_1.19.0/plugins/com.st.stm32cube.ide.mcu.externaltools.gnu-tools-for-stm32.13.3.rel1.linux64_1.0.0.202410170706/tools/bin/../lib/gcc/arm-none-eabi/13.3.1/thumb/v7e-m+fp/hard/crtbegin.o
LOAD /opt/st/stm32cubeide_1.19.0/plugins/com.st.stm32cube.ide.mcu.externaltools.gnu-tools-for-stm32.13.3.rel1.linux64_1.0.0.202410170706/tools/bin/../lib/gcc/arm-none-eabi/13.3.1/../../../../arm-none-eabi/lib/thumb/v7e-m+fp/hard/crt0.o
LOAD ./Core/Src/AutoMode.o
LOAD ./Core/Src/Car light.o
LOAD ./Core/Src/bluetooth.o
LOAD ./Core/Src/delay_us.o
LOAD ./Core/Src/dma.o
LOAD ./Core/Src/gpio.o
LOAD ./Core/Src/main.o
LOAD ./Core/Src/move.o
LOAD ./Core/Src/speed.o
LOAD ./Core/Src/stm32f4xx_hal_msp.o
LOAD ./Core/Src/stm32f4xx_it.o
LOAD ./Core/Src/syscalls.o
LOAD ./Core/Src/sysmem.o
LOAD ./Core/Src/system_stm32f4xx.o
LOAD ./Core/Src/tim.o
LOAD ./Core/Src/urtrasoinc.o
LOAD ./Core/Src/usart.o
LOAD ./Core/Startup/startup_stm32f411retx.o
LOAD ./Drivers/STM32F4xx_HAL_Driver/Src/stm32f4xx_hal.o
LOAD ./Drivers/STM32F4xx_HAL_Driver/Src/stm32f4xx_hal_cortex.o
LOAD ./Drivers/STM32F4xx_HAL_Driver/Src/stm32f4xx_hal_dma.o
LOAD ./Drivers/STM32F4xx_HAL_Driver/Src/stm32f4xx_hal_dma_ex.o
LOAD ./Drivers/STM32F4xx_HAL_Driver/Src/stm32f4xx_hal_exti.o
LOAD ./Drivers/STM32F4xx_HAL_Driver/Src/stm32f4xx_hal_flash.o
LOAD ./Drivers/STM32F4xx_HAL_Driver/Src/stm32f4xx_hal_flash_ex.o
LOAD ./Drivers/STM32F4xx_HAL_Driver/Src/stm32f4xx_hal_flash_ramfunc.o
LOAD ./Drivers/STM32F4xx_HAL_Driver/Src/stm32f4xx_hal_gpio.o
LOAD ./Drivers/STM32F4xx_HAL_Driver/Src/stm32f4xx_hal_pwr.o
LOAD ./Drivers/STM32F4xx_HAL_Driver/Src/stm32f4xx_hal_pwr_ex.o
LOAD ./Drivers/STM32F4xx_HAL_Driver/Src/stm32f4xx_hal_rcc.o
LOAD ./Drivers/STM32F4xx_HAL_Driver/Src/stm32f4xx_hal_rcc_ex.o
LOAD ./Drivers/STM32F4xx_HAL_Driver/Src/stm32f4xx_hal_tim.o
LOAD ./Drivers/STM32F4xx_HAL_Driver/Src/stm32f4xx_hal_tim_ex.o
LOAD ./Drivers/STM32F4xx_HAL_Driver/Src/stm32f4xx_hal_uart.o
START GROUP
LOAD /opt/st/stm32cubeide_1.19.0/plugins/com.st.stm32cube.ide.mcu.externaltools.gnu-tools-for-stm32.13.3.rel1.linux64_1.0.0.202410170706/tools/bin/../lib/gcc/arm-none-eabi/13.3.1/../../../../arm-none-eabi/lib/thumb/v7e-m+fp/hard/libc_nano.a
LOAD /opt/st/stm32cubeide_1.19.0/plugins/com.st.stm32cube.ide.mcu.externaltools.gnu-tools-for-stm32.13.3.rel1.linux64_1.0.0.202410170706/tools/bin/../lib/gcc/arm-none-eabi/13.3.1/../../../../arm-none-eabi/lib/thumb/v7e-m+fp/hard/libm.a
END GROUP
START GROUP
LOAD /opt/st/stm32cubeide_1.19.0/plugins/com.st.stm32cube.ide.mcu.externaltools.gnu-tools-for-stm32.13.3.rel1.linux64_1.0.0.202410170706/tools/bin/../lib/gcc/arm-none-eabi/13.3.1/thumb/v7e-m+fp/hard/libgcc.a
LOAD /opt/st/stm32cubeide_1.19.0/plugins/com.st.stm32cube.ide.mcu.externaltools.gnu-tools-for-stm32.13.3.rel1.linux64_1.0.0.202410170706/tools/bin/../lib/gcc/arm-none-eabi/13.3.1/../../../../arm-none-eabi/lib/thumb/v7e-m+fp/hard/libc_nano.a
END GROUP
START GROUP
LOAD /opt/st/stm32cubeide_1.19.0/plugins/com.st.stm32cube.ide.mcu.externaltools.gnu-tools-for-stm32.13.3.rel1.linux64_1.0.0.202410170706/tools/bin/../lib/gcc/arm-none-eabi/13.3.1/thumb/v7e-m+fp/hard/libgcc.a
LOAD /opt/st/stm32cubeide_1.19.0/plugins/com.st.stm32cube.ide.mcu.externaltools.gnu-tools-for-stm32.13.3.rel1.linux64_1.0.0.202410170706/tools/bin/../lib/gcc/arm-none-eabi/13.3.1/../../../../arm-none-eabi/lib/thumb/v7e-m+fp/hard/libc_nano.a
LOAD /opt/st/stm32cubeide_1.19.0/plugins/com.st.stm32cube.ide.mcu.externaltools.gnu-tools-for-stm32.13.3.rel1.linux64_1.0.0.202410170706/tools/bin/../lib/gcc/arm-none-eabi/13.3.1/../../../../arm-none-eabi/lib/thumb/v7e-m+fp/hard/libnosys.a
END GROUP
START GROUP
LOAD /opt/st/stm32cubeide_1.19.0/plugins/com.st.stm32cube.ide.mcu.externaltools.gnu-tools-for-stm32.13.3.rel1.linux64_1.0.0.202410170706/tools/bin/../lib/gcc/arm-none-eabi/13.3.1/thumb/v7e-m+fp/hard/libgcc.a
LOAD /opt/st/stm32cubeide_1.19.0/plugins/com.st.stm32cube.ide.mcu.externaltools.gnu-tools-for-stm32.13.3.rel1.linux64_1.0.0.202410170706/tools/bin/../lib/gcc/arm-none-eabi/13.3.1/../../../../arm-none-eabi/lib/thumb/v7e-m+fp/hard/libc_nano.a
LOAD /opt/st/stm32cubeide_1.19.0/plugins/com.st.stm32cube.ide.mcu.externaltools.gnu-tools-for-stm32.13.3.rel1.linux64_1.0.0.202410170706/tools/bin/../lib/gcc/arm-none-eabi/13.3.1/../../../../arm-none-eabi/lib/thumb/v7e-m+fp/hard/libnosys.a
END GROUP
LOAD /opt/st/stm32cubeide_1.19.0/plugins/com.st.stm32cube.ide.mcu.externaltools.gnu-tools-for-stm32.13.3.rel1.linux64_1.0.0.202410170706/tools/bin/../lib/gcc/arm-none-eabi/13.3.1/thumb/v7e-m+fp/hard/crtend.o
LOAD /opt/st/stm32cubeide_1.19.0/plugins/com.st.stm32cube.ide.mcu.externaltools.gnu-tools-for-stm32.13.3.rel1.linux64_1.0.0.202410170706/tools/bin/../lib/gcc/arm-none-eabi/13.3.1/thumb/v7e-m+fp/hard/crtn.o
                0x20020000                        _estack = (ORIGIN (RAM) + LENGTH (RAM))
                0x00000200                        _Min_Heap_Size = 0x200
                0x00000400                        _Min_Stack_Size = 0x400

.isr_vector     0x08000000      0x198
                0x08000000                        . = ALIGN (0x4)
 *(.isr_vector)
 .isr_vector    0x08000000      0x198 ./Core/Startup/startup_stm32f411retx.o
                0x08000000                g_pfnVectors
                0x08000198                        . = ALIGN (0x4)

.text           0x080001a0     0x748c
                0x080001a0                        . = ALIGN (0x4)
 *(.text)
 .text          0x080001a0       0x40 /opt/st/stm32cubeide_1.19.0/plugins/com.st.stm32cube.ide.mcu.externaltools.gnu-tools-for-stm32.13.3.rel1.linux64_1.0.0.202410170706/tools/bin/../lib/gcc/arm-none-eabi/13.3.1/thumb/v7e-m+fp/hard/crtbegin.o
 .text          0x080001e0       0xa0 /opt/st/stm32cubeide_1.19.0/plugins/com.st.stm32cube.ide.mcu.externaltools.gnu-tools-for-stm32.13.3.rel1.linux64_1.0.0.202410170706/tools/bin/../lib/gcc/arm-none-eabi/13.3.1/../../../../arm-none-eabi/lib/thumb/v7e-m+fp/hard/libc_nano.a(libc_a-memchr.o)
                0x080001e0                memchr
 .text          0x08000280       0x30 /opt/st/stm32cubeide_1.19.0/plugins/com.st.stm32cube.ide.mcu.externaltools.gnu-tools-for-stm32.13.3.rel1.linux64_1.0.0.202410170706/tools/bin/../lib/gcc/arm-none-eabi/13.3.1/thumb/v7e-m+fp/hard/libgcc.a(_aeabi_uldivmod.o)
                0x08000280                __aeabi_uldivmod
 .text          0x080002b0      0x2f8 /opt/st/stm32cubeide_1.19.0/plugins/com.st.stm32cube.ide.mcu.externaltools.gnu-tools-for-stm32.13.3.rel1.linux64_1.0.0.202410170706/tools/bin/../lib/gcc/arm-none-eabi/13.3.1/thumb/v7e-m+fp/hard/libgcc.a(_udivmoddi4.o)
                0x080002b0                __udivmoddi4
 .text          0x080005a8        0x4 /opt/st/stm32cubeide_1.19.0/plugins/com.st.stm32cube.ide.mcu.externaltools.gnu-tools-for-stm32.13.3.rel1.linux64_1.0.0.202410170706/tools/bin/../lib/gcc/arm-none-eabi/13.3.1/thumb/v7e-m+fp/hard/libgcc.a(_dvmd_tls.o)
                0x080005a8                __aeabi_ldiv0
                0x080005a8                __aeabi_idiv0
 *(.text*)
 .text.AutoMode
                0x080005ac      0x49c ./Core/Src/AutoMode.o
                0x080005ac                AutoMode
 .text.Car_Light_Init
                0x08000a48       0x18 ./Core/Src/Car light.o
                0x08000a48                Car_Light_Init
 .text.Car_Light_On
                0x08000a60       0x18 ./Core/Src/Car light.o
                0x08000a60                Car_Light_On
 .text.Car_Light_Off
                0x08000a78       0x18 ./Core/Src/Car light.o
                0x08000a78                Car_Light_Off
 .text.HAL_UART_RxCpltCallback
                0x08000a90      0x7a4 ./Core/Src/bluetooth.o
                0x08000a90                HAL_UART_RxCpltCallback
 .text.bluetoothControl
                0x08001234      0x154 ./Core/Src/bluetooth.o
                0x08001234                bluetoothControl
 .text.delay_us
                0x08001388       0x34 ./Core/Src/delay_us.o
                0x08001388                delay_us
 .text.MX_DMA_Init
                0x080013bc       0x40 ./Core/Src/dma.o
                0x080013bc                MX_DMA_Init
 .text.MX_GPIO_Init
                0x080013fc      0x114 ./Core/Src/gpio.o
                0x080013fc                MX_GPIO_Init
 .text.main     0x08001510       0x44 ./Core/Src/main.o
                0x08001510                main
 .text.SystemClock_Config
                0x08001554       0xd0 ./Core/Src/main.o
                0x08001554                SystemClock_Config
 .text.Error_Handler
                0x08001624        0xc ./Core/Src/main.o
                0x08001624                Error_Handler
 .text.AutoMode_motor_go
                0x08001630       0x3c ./Core/Src/move.o
                0x08001630                AutoMode_motor_go
 .text.AutoMode_motor_back
                0x0800166c       0x3c ./Core/Src/move.o
                0x0800166c                AutoMode_motor_back
 .text.AutoMode_motor_right
                0x080016a8       0x3c ./Core/Src/move.o
                0x080016a8                AutoMode_motor_right
 .text.AutoMode_motor_left
                0x080016e4       0x3c ./Core/Src/move.o
                0x080016e4                AutoMode_motor_left
 .text.AutoMode_motor_stop
                0x08001720       0x3c ./Core/Src/move.o
                0x08001720                AutoMode_motor_stop
 .text.motor_init
                0x0800175c       0x3c ./Core/Src/move.o
                0x0800175c                motor_init
 .text.motor_speedInit
                0x08001798       0x24 ./Core/Src/speed.o
                0x08001798                motor_speedInit
 .text.motor_speed
                0x080017bc       0x28 ./Core/Src/speed.o
                0x080017bc                motor_speed
 .text.pwm_sweep_test
                0x080017e4       0x2c ./Core/Src/speed.o
                0x080017e4                pwm_sweep_test
 .text.HAL_MspInit
                0x08001810       0x50 ./Core/Src/stm32f4xx_hal_msp.o
                0x08001810                HAL_MspInit
 .text.NMI_Handler
                0x08001860        0x8 ./Core/Src/stm32f4xx_it.o
                0x08001860                NMI_Handler
 .text.HardFault_Handler
                0x08001868        0x8 ./Core/Src/stm32f4xx_it.o
                0x08001868                HardFault_Handler
 .text.MemManage_Handler
                0x08001870        0x8 ./Core/Src/stm32f4xx_it.o
                0x08001870                MemManage_Handler
 .text.BusFault_Handler
                0x08001878        0x8 ./Core/Src/stm32f4xx_it.o
                0x08001878                BusFault_Handler
 .text.UsageFault_Handler
                0x08001880        0x8 ./Core/Src/stm32f4xx_it.o
                0x08001880                UsageFault_Handler
 .text.SVC_Handler
                0x08001888        0xe ./Core/Src/stm32f4xx_it.o
                0x08001888                SVC_Handler
 .text.DebugMon_Handler
                0x08001896        0xe ./Core/Src/stm32f4xx_it.o
                0x08001896                DebugMon_Handler
 .text.PendSV_Handler
                0x080018a4        0xe ./Core/Src/stm32f4xx_it.o
                0x080018a4                PendSV_Handler
 .text.SysTick_Handler
                0x080018b2        0xc ./Core/Src/stm32f4xx_it.o
                0x080018b2                SysTick_Handler
 *fill*         0x080018be        0x2 
 .text.TIM2_IRQHandler
                0x080018c0       0x14 ./Core/Src/stm32f4xx_it.o
                0x080018c0                TIM2_IRQHandler
 .text.TIM3_IRQHandler
                0x080018d4       0x14 ./Core/Src/stm32f4xx_it.o
                0x080018d4                TIM3_IRQHandler
 .text.USART2_IRQHandler
                0x080018e8       0x14 ./Core/Src/stm32f4xx_it.o
                0x080018e8                USART2_IRQHandler
 .text.DMA2_Stream2_IRQHandler
                0x080018fc       0x14 ./Core/Src/stm32f4xx_it.o
                0x080018fc                DMA2_Stream2_IRQHandler
 .text._read    0x08001910       0x3a ./Core/Src/syscalls.o
                0x08001910                _read
 .text._close   0x0800194a       0x18 ./Core/Src/syscalls.o
                0x0800194a                _close
 .text._fstat   0x08001962       0x20 ./Core/Src/syscalls.o
                0x08001962                _fstat
 .text._isatty  0x08001982       0x16 ./Core/Src/syscalls.o
                0x08001982                _isatty
 .text._lseek   0x08001998       0x1a ./Core/Src/syscalls.o
                0x08001998                _lseek
 *fill*         0x080019b2        0x2 
 .text._sbrk    0x080019b4       0x6c ./Core/Src/sysmem.o
                0x080019b4                _sbrk
 .text.SystemInit
                0x08001a20       0x24 ./Core/Src/system_stm32f4xx.o
                0x08001a20                SystemInit
 .text.MX_TIM2_Init
                0x08001a44      0x10c ./Core/Src/tim.o
                0x08001a44                MX_TIM2_Init
 .text.MX_TIM3_Init
                0x08001b50       0xcc ./Core/Src/tim.o
                0x08001b50                MX_TIM3_Init
 .text.MX_TIM11_Init
                0x08001c1c       0x48 ./Core/Src/tim.o
                0x08001c1c                MX_TIM11_Init
 .text.HAL_TIM_Base_MspInit
                0x08001c64      0x108 ./Core/Src/tim.o
                0x08001c64                HAL_TIM_Base_MspInit
 .text.HAL_TIM_PWM_MspInit
                0x08001d6c       0x50 ./Core/Src/tim.o
                0x08001d6c                HAL_TIM_PWM_MspInit
 .text.HAL_TIM_MspPostInit
                0x08001dbc       0x74 ./Core/Src/tim.o
                0x08001dbc                HAL_TIM_MspPostInit
 .text._write   0x08001e30       0x38 ./Core/Src/urtrasoinc.o
                0x08001e30                _write
 .text.HCSR04_TRIGGER
                0x08001e68       0x4c ./Core/Src/urtrasoinc.o
                0x08001e68                HCSR04_TRIGGER
 .text.HCSR04_TRIGGER2
                0x08001eb4       0x4c ./Core/Src/urtrasoinc.o
                0x08001eb4                HCSR04_TRIGGER2
 .text.HCSR04_TRIGGER3
                0x08001f00       0x4c ./Core/Src/urtrasoinc.o
                0x08001f00                HCSR04_TRIGGER3
 .text.HAL_TIM_IC_CaptureCallback
                0x08001f4c      0x31c ./Core/Src/urtrasoinc.o
                0x08001f4c                HAL_TIM_IC_CaptureCallback
 .text.MX_USART1_UART_Init
                0x08002268       0x54 ./Core/Src/usart.o
                0x08002268                MX_USART1_UART_Init
 .text.MX_USART2_UART_Init
                0x080022bc       0x54 ./Core/Src/usart.o
                0x080022bc                MX_USART2_UART_Init
 .text.HAL_UART_MspInit
                0x08002310      0x16c ./Core/Src/usart.o
                0x08002310                HAL_UART_MspInit
 .text.Reset_Handler
                0x0800247c       0x50 ./Core/Startup/startup_stm32f411retx.o
                0x0800247c                Reset_Handler
 .text.Default_Handler
                0x080024cc        0x2 ./Core/Startup/startup_stm32f411retx.o
                0x080024cc                RTC_Alarm_IRQHandler
                0x080024cc                EXTI2_IRQHandler
                0x080024cc                SPI4_IRQHandler
                0x080024cc                TIM1_CC_IRQHandler
                0x080024cc                DMA2_Stream5_IRQHandler
                0x080024cc                DMA1_Stream5_IRQHandler
                0x080024cc                PVD_IRQHandler
                0x080024cc                SDIO_IRQHandler
                0x080024cc                TAMP_STAMP_IRQHandler
                0x080024cc                EXTI3_IRQHandler
                0x080024cc                TIM1_UP_TIM10_IRQHandler
                0x080024cc                I2C3_ER_IRQHandler
                0x080024cc                EXTI0_IRQHandler
                0x080024cc                I2C2_EV_IRQHandler
                0x080024cc                DMA1_Stream2_IRQHandler
                0x080024cc                FPU_IRQHandler
                0x080024cc                SPI1_IRQHandler
                0x080024cc                TIM1_BRK_TIM9_IRQHandler
                0x080024cc                DMA2_Stream3_IRQHandler
                0x080024cc                USART6_IRQHandler
                0x080024cc                DMA2_Stream0_IRQHandler
                0x080024cc                TIM4_IRQHandler
                0x080024cc                I2C1_EV_IRQHandler
                0x080024cc                DMA1_Stream6_IRQHandler
                0x080024cc                DMA1_Stream1_IRQHandler
                0x080024cc                RCC_IRQHandler
                0x080024cc                Default_Handler
                0x080024cc                EXTI15_10_IRQHandler
                0x080024cc                ADC_IRQHandler
                0x080024cc                DMA1_Stream7_IRQHandler
                0x080024cc                SPI5_IRQHandler
                0x080024cc                TIM5_IRQHandler
                0x080024cc                DMA2_Stream7_IRQHandler
                0x080024cc                I2C3_EV_IRQHandler
                0x080024cc                EXTI9_5_IRQHandler
                0x080024cc                RTC_WKUP_IRQHandler
                0x080024cc                SPI2_IRQHandler
                0x080024cc                DMA1_Stream0_IRQHandler
                0x080024cc                EXTI4_IRQHandler
                0x080024cc                WWDG_IRQHandler
                0x080024cc                OTG_FS_WKUP_IRQHandler
                0x080024cc                TIM1_TRG_COM_TIM11_IRQHandler
                0x080024cc                EXTI1_IRQHandler
                0x080024cc                I2C2_ER_IRQHandler
                0x080024cc                DMA2_Stream1_IRQHandler
                0x080024cc                FLASH_IRQHandler
                0x080024cc                DMA2_Stream4_IRQHandler
                0x080024cc                USART1_IRQHandler
                0x080024cc                OTG_FS_IRQHandler
                0x080024cc                SPI3_IRQHandler
                0x080024cc                DMA1_Stream4_IRQHandler
                0x080024cc                I2C1_ER_IRQHandler
                0x080024cc                DMA2_Stream6_IRQHandler
                0x080024cc                DMA1_Stream3_IRQHandler
 *fill*         0x080024ce        0x2 
 .text.HAL_Init
                0x080024d0       0x44 ./Drivers/STM32F4xx_HAL_Driver/Src/stm32f4xx_hal.o
                0x080024d0                HAL_Init
 .text.HAL_InitTick
                0x08002514       0x60 ./Drivers/STM32F4xx_HAL_Driver/Src/stm32f4xx_hal.o
                0x08002514                HAL_InitTick
 .text.HAL_IncTick
                0x08002574       0x28 ./Drivers/STM32F4xx_HAL_Driver/Src/stm32f4xx_hal.o
                0x08002574                HAL_IncTick
 .text.HAL_GetTick
                0x0800259c       0x18 ./Drivers/STM32F4xx_HAL_Driver/Src/stm32f4xx_hal.o
                0x0800259c                HAL_GetTick
 .text.__NVIC_SetPriorityGrouping
                0x080025b4       0x48 ./Drivers/STM32F4xx_HAL_Driver/Src/stm32f4xx_hal_cortex.o
 .text.__NVIC_GetPriorityGrouping
                0x080025fc       0x1c ./Drivers/STM32F4xx_HAL_Driver/Src/stm32f4xx_hal_cortex.o
 .text.__NVIC_EnableIRQ
                0x08002618       0x3c ./Drivers/STM32F4xx_HAL_Driver/Src/stm32f4xx_hal_cortex.o
 .text.__NVIC_SetPriority
                0x08002654       0x54 ./Drivers/STM32F4xx_HAL_Driver/Src/stm32f4xx_hal_cortex.o
 .text.NVIC_EncodePriority
                0x080026a8       0x66 ./Drivers/STM32F4xx_HAL_Driver/Src/stm32f4xx_hal_cortex.o
 *fill*         0x0800270e        0x2 
 .text.SysTick_Config
                0x08002710       0x44 ./Drivers/STM32F4xx_HAL_Driver/Src/stm32f4xx_hal_cortex.o
 .text.HAL_NVIC_SetPriorityGrouping
                0x08002754       0x16 ./Drivers/STM32F4xx_HAL_Driver/Src/stm32f4xx_hal_cortex.o
                0x08002754                HAL_NVIC_SetPriorityGrouping
 .text.HAL_NVIC_SetPriority
                0x0800276a       0x38 ./Drivers/STM32F4xx_HAL_Driver/Src/stm32f4xx_hal_cortex.o
                0x0800276a                HAL_NVIC_SetPriority
 .text.HAL_NVIC_EnableIRQ
                0x080027a2       0x1c ./Drivers/STM32F4xx_HAL_Driver/Src/stm32f4xx_hal_cortex.o
                0x080027a2                HAL_NVIC_EnableIRQ
 .text.HAL_SYSTICK_Config
                0x080027be       0x18 ./Drivers/STM32F4xx_HAL_Driver/Src/stm32f4xx_hal_cortex.o
                0x080027be                HAL_SYSTICK_Config
 *fill*         0x080027d6        0x2 
 .text.HAL_DMA_Init
                0x080027d8      0x15c ./Drivers/STM32F4xx_HAL_Driver/Src/stm32f4xx_hal_dma.o
                0x080027d8                HAL_DMA_Init
 .text.HAL_DMA_Start_IT
                0x08002934       0xb0 ./Drivers/STM32F4xx_HAL_Driver/Src/stm32f4xx_hal_dma.o
                0x08002934                HAL_DMA_Start_IT
 .text.HAL_DMA_Abort
                0x080029e4       0xe0 ./Drivers/STM32F4xx_HAL_Driver/Src/stm32f4xx_hal_dma.o
                0x080029e4                HAL_DMA_Abort
 .text.HAL_DMA_Abort_IT
                0x08002ac4       0x44 ./Drivers/STM32F4xx_HAL_Driver/Src/stm32f4xx_hal_dma.o
                0x08002ac4                HAL_DMA_Abort_IT
 .text.HAL_DMA_IRQHandler
                0x08002b08      0x314 ./Drivers/STM32F4xx_HAL_Driver/Src/stm32f4xx_hal_dma.o
                0x08002b08                HAL_DMA_IRQHandler
 .text.DMA_SetConfig
                0x08002e1c       0x5c ./Drivers/STM32F4xx_HAL_Driver/Src/stm32f4xx_hal_dma.o
 .text.DMA_CalcBaseAndBitshift
                0x08002e78       0x6c ./Drivers/STM32F4xx_HAL_Driver/Src/stm32f4xx_hal_dma.o
 .text.DMA_CheckFifoParam
                0x08002ee4       0xf8 ./Drivers/STM32F4xx_HAL_Driver/Src/stm32f4xx_hal_dma.o
 .text.HAL_GPIO_Init
                0x08002fdc      0x308 ./Drivers/STM32F4xx_HAL_Driver/Src/stm32f4xx_hal_gpio.o
                0x08002fdc                HAL_GPIO_Init
 .text.HAL_GPIO_WritePin
                0x080032e4       0x32 ./Drivers/STM32F4xx_HAL_Driver/Src/stm32f4xx_hal_gpio.o
                0x080032e4                HAL_GPIO_WritePin
 *fill*         0x08003316        0x2 
 .text.HAL_RCC_OscConfig
                0x08003318      0x4f0 ./Drivers/STM32F4xx_HAL_Driver/Src/stm32f4xx_hal_rcc.o
                0x08003318                HAL_RCC_OscConfig
 .text.HAL_RCC_ClockConfig
                0x08003808      0x1cc ./Drivers/STM32F4xx_HAL_Driver/Src/stm32f4xx_hal_rcc.o
                0x08003808                HAL_RCC_ClockConfig
 .text.HAL_RCC_GetSysClockFreq
                0x080039d4      0x20c ./Drivers/STM32F4xx_HAL_Driver/Src/stm32f4xx_hal_rcc.o
                0x080039d4                HAL_RCC_GetSysClockFreq
 .text.HAL_RCC_GetHCLKFreq
                0x08003be0       0x18 ./Drivers/STM32F4xx_HAL_Driver/Src/stm32f4xx_hal_rcc.o
                0x08003be0                HAL_RCC_GetHCLKFreq
 .text.HAL_RCC_GetPCLK1Freq
                0x08003bf8       0x28 ./Drivers/STM32F4xx_HAL_Driver/Src/stm32f4xx_hal_rcc.o
                0x08003bf8                HAL_RCC_GetPCLK1Freq
 .text.HAL_RCC_GetPCLK2Freq
                0x08003c20       0x28 ./Drivers/STM32F4xx_HAL_Driver/Src/stm32f4xx_hal_rcc.o
                0x08003c20                HAL_RCC_GetPCLK2Freq
 .text.HAL_TIM_Base_Init
                0x08003c48       0x9e ./Drivers/STM32F4xx_HAL_Driver/Src/stm32f4xx_hal_tim.o
                0x08003c48                HAL_TIM_Base_Init
 *fill*         0x08003ce6        0x2 
 .text.HAL_TIM_Base_Start_IT
                0x08003ce8       0xc4 ./Drivers/STM32F4xx_HAL_Driver/Src/stm32f4xx_hal_tim.o
                0x08003ce8                HAL_TIM_Base_Start_IT
 .text.HAL_TIM_PWM_Init
                0x08003dac       0x9e ./Drivers/STM32F4xx_HAL_Driver/Src/stm32f4xx_hal_tim.o
                0x08003dac                HAL_TIM_PWM_Init
 *fill*         0x08003e4a        0x2 
 .text.HAL_TIM_PWM_Start
                0x08003e4c      0x160 ./Drivers/STM32F4xx_HAL_Driver/Src/stm32f4xx_hal_tim.o
                0x08003e4c                HAL_TIM_PWM_Start
 .text.HAL_TIM_IC_Init
                0x08003fac       0x9e ./Drivers/STM32F4xx_HAL_Driver/Src/stm32f4xx_hal_tim.o
                0x08003fac                HAL_TIM_IC_Init
 .text.HAL_TIM_IC_MspInit
                0x0800404a       0x14 ./Drivers/STM32F4xx_HAL_Driver/Src/stm32f4xx_hal_tim.o
                0x0800404a                HAL_TIM_IC_MspInit
 *fill*         0x0800405e        0x2 
 .text.HAL_TIM_IC_Start_IT
                0x08004060      0x234 ./Drivers/STM32F4xx_HAL_Driver/Src/stm32f4xx_hal_tim.o
                0x08004060                HAL_TIM_IC_Start_IT
 .text.HAL_TIM_IRQHandler
                0x08004294      0x1e0 ./Drivers/STM32F4xx_HAL_Driver/Src/stm32f4xx_hal_tim.o
                0x08004294                HAL_TIM_IRQHandler
 .text.HAL_TIM_IC_ConfigChannel
                0x08004474      0x138 ./Drivers/STM32F4xx_HAL_Driver/Src/stm32f4xx_hal_tim.o
                0x08004474                HAL_TIM_IC_ConfigChannel
 .text.HAL_TIM_PWM_ConfigChannel
                0x080045ac      0x184 ./Drivers/STM32F4xx_HAL_Driver/Src/stm32f4xx_hal_tim.o
                0x080045ac                HAL_TIM_PWM_ConfigChannel
 .text.HAL_TIM_ConfigClockSource
                0x08004730      0x18e ./Drivers/STM32F4xx_HAL_Driver/Src/stm32f4xx_hal_tim.o
                0x08004730                HAL_TIM_ConfigClockSource
 *fill*         0x080048be        0x2 
 .text.HAL_TIM_ReadCapturedValue
                0x080048c0       0x88 ./Drivers/STM32F4xx_HAL_Driver/Src/stm32f4xx_hal_tim.o
                0x080048c0                HAL_TIM_ReadCapturedValue
 .text.HAL_TIM_PeriodElapsedCallback
                0x08004948       0x14 ./Drivers/STM32F4xx_HAL_Driver/Src/stm32f4xx_hal_tim.o
                0x08004948                HAL_TIM_PeriodElapsedCallback
 .text.HAL_TIM_OC_DelayElapsedCallback
                0x0800495c       0x14 ./Drivers/STM32F4xx_HAL_Driver/Src/stm32f4xx_hal_tim.o
                0x0800495c                HAL_TIM_OC_DelayElapsedCallback
 .text.HAL_TIM_PWM_PulseFinishedCallback
                0x08004970       0x14 ./Drivers/STM32F4xx_HAL_Driver/Src/stm32f4xx_hal_tim.o
                0x08004970                HAL_TIM_PWM_PulseFinishedCallback
 .text.HAL_TIM_TriggerCallback
                0x08004984       0x14 ./Drivers/STM32F4xx_HAL_Driver/Src/stm32f4xx_hal_tim.o
                0x08004984                HAL_TIM_TriggerCallback
 .text.TIM_Base_SetConfig
                0x08004998      0x10c ./Drivers/STM32F4xx_HAL_Driver/Src/stm32f4xx_hal_tim.o
                0x08004998                TIM_Base_SetConfig
 .text.TIM_OC1_SetConfig
                0x08004aa4       0xcc ./Drivers/STM32F4xx_HAL_Driver/Src/stm32f4xx_hal_tim.o
 .text.TIM_OC2_SetConfig
                0x08004b70       0xd8 ./Drivers/STM32F4xx_HAL_Driver/Src/stm32f4xx_hal_tim.o
                0x08004b70                TIM_OC2_SetConfig
 .text.TIM_OC3_SetConfig
                0x08004c48       0xd4 ./Drivers/STM32F4xx_HAL_Driver/Src/stm32f4xx_hal_tim.o
 .text.TIM_OC4_SetConfig
                0x08004d1c       0xa0 ./Drivers/STM32F4xx_HAL_Driver/Src/stm32f4xx_hal_tim.o
 .text.TIM_TI1_SetConfig
                0x08004dbc       0xd0 ./Drivers/STM32F4xx_HAL_Driver/Src/stm32f4xx_hal_tim.o
                0x08004dbc                TIM_TI1_SetConfig
 .text.TIM_TI1_ConfigInputStage
                0x08004e8c       0x5e ./Drivers/STM32F4xx_HAL_Driver/Src/stm32f4xx_hal_tim.o
 .text.TIM_TI2_SetConfig
                0x08004eea       0x7a ./Drivers/STM32F4xx_HAL_Driver/Src/stm32f4xx_hal_tim.o
 .text.TIM_TI2_ConfigInputStage
                0x08004f64       0x60 ./Drivers/STM32F4xx_HAL_Driver/Src/stm32f4xx_hal_tim.o
 .text.TIM_TI3_SetConfig
                0x08004fc4       0x78 ./Drivers/STM32F4xx_HAL_Driver/Src/stm32f4xx_hal_tim.o
 .text.TIM_TI4_SetConfig
                0x0800503c       0x7a ./Drivers/STM32F4xx_HAL_Driver/Src/stm32f4xx_hal_tim.o
 .text.TIM_ITRx_SetConfig
                0x080050b6       0x36 ./Drivers/STM32F4xx_HAL_Driver/Src/stm32f4xx_hal_tim.o
 .text.TIM_ETR_SetConfig
                0x080050ec       0x40 ./Drivers/STM32F4xx_HAL_Driver/Src/stm32f4xx_hal_tim.o
                0x080050ec                TIM_ETR_SetConfig
 .text.TIM_CCxChannelCmd
                0x0800512c       0x4a ./Drivers/STM32F4xx_HAL_Driver/Src/stm32f4xx_hal_tim.o
                0x0800512c                TIM_CCxChannelCmd
 *fill*         0x08005176        0x2 
 .text.HAL_TIMEx_MasterConfigSynchronization
                0x08005178       0xdc ./Drivers/STM32F4xx_HAL_Driver/Src/stm32f4xx_hal_tim_ex.o
                0x08005178                HAL_TIMEx_MasterConfigSynchronization
 .text.HAL_TIMEx_CommutCallback
                0x08005254       0x14 ./Drivers/STM32F4xx_HAL_Driver/Src/stm32f4xx_hal_tim_ex.o
                0x08005254                HAL_TIMEx_CommutCallback
 .text.HAL_TIMEx_BreakCallback
                0x08005268       0x14 ./Drivers/STM32F4xx_HAL_Driver/Src/stm32f4xx_hal_tim_ex.o
                0x08005268                HAL_TIMEx_BreakCallback
 .text.HAL_UART_Init
                0x0800527c       0xa0 ./Drivers/STM32F4xx_HAL_Driver/Src/stm32f4xx_hal_uart.o
                0x0800527c                HAL_UART_Init
 .text.HAL_UART_Transmit
                0x0800531c      0x116 ./Drivers/STM32F4xx_HAL_Driver/Src/stm32f4xx_hal_uart.o
                0x0800531c                HAL_UART_Transmit
 .text.HAL_UART_Transmit_IT
                0x08005432       0x6c ./Drivers/STM32F4xx_HAL_Driver/Src/stm32f4xx_hal_uart.o
                0x08005432                HAL_UART_Transmit_IT
 .text.HAL_UART_Receive_IT
                0x0800549e       0x4a ./Drivers/STM32F4xx_HAL_Driver/Src/stm32f4xx_hal_uart.o
                0x0800549e                HAL_UART_Receive_IT
 .text.HAL_UART_Receive_DMA
                0x080054e8       0x4a ./Drivers/STM32F4xx_HAL_Driver/Src/stm32f4xx_hal_uart.o
                0x080054e8                HAL_UART_Receive_DMA
 *fill*         0x08005532        0x2 
 .text.HAL_UART_IRQHandler
                0x08005534      0x554 ./Drivers/STM32F4xx_HAL_Driver/Src/stm32f4xx_hal_uart.o
                0x08005534                HAL_UART_IRQHandler
 .text.HAL_UART_TxCpltCallback
                0x08005a88       0x14 ./Drivers/STM32F4xx_HAL_Driver/Src/stm32f4xx_hal_uart.o
                0x08005a88                HAL_UART_TxCpltCallback
 .text.HAL_UART_RxHalfCpltCallback
                0x08005a9c       0x14 ./Drivers/STM32F4xx_HAL_Driver/Src/stm32f4xx_hal_uart.o
                0x08005a9c                HAL_UART_RxHalfCpltCallback
 .text.HAL_UART_ErrorCallback
                0x08005ab0       0x14 ./Drivers/STM32F4xx_HAL_Driver/Src/stm32f4xx_hal_uart.o
                0x08005ab0                HAL_UART_ErrorCallback
 .text.HAL_UARTEx_RxEventCallback
                0x08005ac4       0x18 ./Drivers/STM32F4xx_HAL_Driver/Src/stm32f4xx_hal_uart.o
                0x08005ac4                HAL_UARTEx_RxEventCallback
 .text.UART_DMAReceiveCplt
                0x08005adc      0x12c ./Drivers/STM32F4xx_HAL_Driver/Src/stm32f4xx_hal_uart.o
 .text.UART_DMARxHalfCplt
                0x08005c08       0x3c ./Drivers/STM32F4xx_HAL_Driver/Src/stm32f4xx_hal_uart.o
 .text.UART_DMAError
                0x08005c44       0x94 ./Drivers/STM32F4xx_HAL_Driver/Src/stm32f4xx_hal_uart.o
 .text.UART_WaitOnFlagUntilTimeout
                0x08005cd8       0xb2 ./Drivers/STM32F4xx_HAL_Driver/Src/stm32f4xx_hal_uart.o
 .text.UART_Start_Receive_IT
                0x08005d8a       0x74 ./Drivers/STM32F4xx_HAL_Driver/Src/stm32f4xx_hal_uart.o
                0x08005d8a                UART_Start_Receive_IT
 *fill*         0x08005dfe        0x2 
 .text.UART_Start_Receive_DMA
                0x08005e00      0x14c ./Drivers/STM32F4xx_HAL_Driver/Src/stm32f4xx_hal_uart.o
                0x08005e00                UART_Start_Receive_DMA
 .text.UART_EndTxTransfer
                0x08005f4c       0x50 ./Drivers/STM32F4xx_HAL_Driver/Src/stm32f4xx_hal_uart.o
 .text.UART_EndRxTransfer
                0x08005f9c       0xc6 ./Drivers/STM32F4xx_HAL_Driver/Src/stm32f4xx_hal_uart.o
 .text.UART_DMAAbortOnError
                0x08006062       0x22 ./Drivers/STM32F4xx_HAL_Driver/Src/stm32f4xx_hal_uart.o
 .text.UART_Transmit_IT
                0x08006084       0xa0 ./Drivers/STM32F4xx_HAL_Driver/Src/stm32f4xx_hal_uart.o
 .text.UART_EndTransmit_IT
                0x08006124       0x30 ./Drivers/STM32F4xx_HAL_Driver/Src/stm32f4xx_hal_uart.o
 .text.UART_Receive_IT
                0x08006154      0x17c ./Drivers/STM32F4xx_HAL_Driver/Src/stm32f4xx_hal_uart.o
 .text.UART_SetConfig
                0x080062d0      0x4e8 ./Drivers/STM32F4xx_HAL_Driver/Src/stm32f4xx_hal_uart.o
 .text.std      0x080067b8       0x6c /opt/st/stm32cubeide_1.19.0/plugins/com.st.stm32cube.ide.mcu.externaltools.gnu-tools-for-stm32.13.3.rel1.linux64_1.0.0.202410170706/tools/bin/../lib/gcc/arm-none-eabi/13.3.1/../../../../arm-none-eabi/lib/thumb/v7e-m+fp/hard/libc_nano.a(libc_a-findfp.o)
 .text.stdio_exit_handler
                0x08006824       0x18 /opt/st/stm32cubeide_1.19.0/plugins/com.st.stm32cube.ide.mcu.externaltools.gnu-tools-for-stm32.13.3.rel1.linux64_1.0.0.202410170706/tools/bin/../lib/gcc/arm-none-eabi/13.3.1/../../../../arm-none-eabi/lib/thumb/v7e-m+fp/hard/libc_nano.a(libc_a-findfp.o)
 .text.cleanup_stdio
                0x0800683c       0x40 /opt/st/stm32cubeide_1.19.0/plugins/com.st.stm32cube.ide.mcu.externaltools.gnu-tools-for-stm32.13.3.rel1.linux64_1.0.0.202410170706/tools/bin/../lib/gcc/arm-none-eabi/13.3.1/../../../../arm-none-eabi/lib/thumb/v7e-m+fp/hard/libc_nano.a(libc_a-findfp.o)
 .text.global_stdio_init.part.0
                0x0800687c       0x3c /opt/st/stm32cubeide_1.19.0/plugins/com.st.stm32cube.ide.mcu.externaltools.gnu-tools-for-stm32.13.3.rel1.linux64_1.0.0.202410170706/tools/bin/../lib/gcc/arm-none-eabi/13.3.1/../../../../arm-none-eabi/lib/thumb/v7e-m+fp/hard/libc_nano.a(libc_a-findfp.o)
 .text.__sfp_lock_acquire
                0x080068b8        0xc /opt/st/stm32cubeide_1.19.0/plugins/com.st.stm32cube.ide.mcu.externaltools.gnu-tools-for-stm32.13.3.rel1.linux64_1.0.0.202410170706/tools/bin/../lib/gcc/arm-none-eabi/13.3.1/../../../../arm-none-eabi/lib/thumb/v7e-m+fp/hard/libc_nano.a(libc_a-findfp.o)
                0x080068b8                __sfp_lock_acquire
 .text.__sfp_lock_release
                0x080068c4        0xc /opt/st/stm32cubeide_1.19.0/plugins/com.st.stm32cube.ide.mcu.externaltools.gnu-tools-for-stm32.13.3.rel1.linux64_1.0.0.202410170706/tools/bin/../lib/gcc/arm-none-eabi/13.3.1/../../../../arm-none-eabi/lib/thumb/v7e-m+fp/hard/libc_nano.a(libc_a-findfp.o)
                0x080068c4                __sfp_lock_release
 .text.__sinit  0x080068d0       0x30 /opt/st/stm32cubeide_1.19.0/plugins/com.st.stm32cube.ide.mcu.externaltools.gnu-tools-for-stm32.13.3.rel1.linux64_1.0.0.202410170706/tools/bin/../lib/gcc/arm-none-eabi/13.3.1/../../../../arm-none-eabi/lib/thumb/v7e-m+fp/hard/libc_nano.a(libc_a-findfp.o)
                0x080068d0                __sinit
 .text._fwalk_sglue
                0x08006900       0x3c /opt/st/stm32cubeide_1.19.0/plugins/com.st.stm32cube.ide.mcu.externaltools.gnu-tools-for-stm32.13.3.rel1.linux64_1.0.0.202410170706/tools/bin/../lib/gcc/arm-none-eabi/13.3.1/../../../../arm-none-eabi/lib/thumb/v7e-m+fp/hard/libc_nano.a(libc_a-fwalk.o)
                0x08006900                _fwalk_sglue
 .text.printf   0x0800693c       0x24 /opt/st/stm32cubeide_1.19.0/plugins/com.st.stm32cube.ide.mcu.externaltools.gnu-tools-for-stm32.13.3.rel1.linux64_1.0.0.202410170706/tools/bin/../lib/gcc/arm-none-eabi/13.3.1/../../../../arm-none-eabi/lib/thumb/v7e-m+fp/hard/libc_nano.a(libc_a-printf.o)
                0x0800693c                printf
                0x0800693c                iprintf
 .text.__sread  0x08006960       0x22 /opt/st/stm32cubeide_1.19.0/plugins/com.st.stm32cube.ide.mcu.externaltools.gnu-tools-for-stm32.13.3.rel1.linux64_1.0.0.202410170706/tools/bin/../lib/gcc/arm-none-eabi/13.3.1/../../../../arm-none-eabi/lib/thumb/v7e-m+fp/hard/libc_nano.a(libc_a-stdio.o)
                0x08006960                __sread
 .text.__swrite
                0x08006982       0x38 /opt/st/stm32cubeide_1.19.0/plugins/com.st.stm32cube.ide.mcu.externaltools.gnu-tools-for-stm32.13.3.rel1.linux64_1.0.0.202410170706/tools/bin/../lib/gcc/arm-none-eabi/13.3.1/../../../../arm-none-eabi/lib/thumb/v7e-m+fp/hard/libc_nano.a(libc_a-stdio.o)
                0x08006982                __swrite
 .text.__sseek  0x080069ba       0x24 /opt/st/stm32cubeide_1.19.0/plugins/com.st.stm32cube.ide.mcu.externaltools.gnu-tools-for-stm32.13.3.rel1.linux64_1.0.0.202410170706/tools/bin/../lib/gcc/arm-none-eabi/13.3.1/../../../../arm-none-eabi/lib/thumb/v7e-m+fp/hard/libc_nano.a(libc_a-stdio.o)
                0x080069ba                __sseek
 .text.__sclose
                0x080069de        0x8 /opt/st/stm32cubeide_1.19.0/plugins/com.st.stm32cube.ide.mcu.externaltools.gnu-tools-for-stm32.13.3.rel1.linux64_1.0.0.202410170706/tools/bin/../lib/gcc/arm-none-eabi/13.3.1/../../../../arm-none-eabi/lib/thumb/v7e-m+fp/hard/libc_nano.a(libc_a-stdio.o)
                0x080069de                __sclose
 .text.memset   0x080069e6       0x10 /opt/st/stm32cubeide_1.19.0/plugins/com.st.stm32cube.ide.mcu.externaltools.gnu-tools-for-stm32.13.3.rel1.linux64_1.0.0.202410170706/tools/bin/../lib/gcc/arm-none-eabi/13.3.1/../../../../arm-none-eabi/lib/thumb/v7e-m+fp/hard/libc_nano.a(libc_a-memset.o)
                0x080069e6                memset
 *fill*         0x080069f6        0x2 
 .text._close_r
                0x080069f8       0x20 /opt/st/stm32cubeide_1.19.0/plugins/com.st.stm32cube.ide.mcu.externaltools.gnu-tools-for-stm32.13.3.rel1.linux64_1.0.0.202410170706/tools/bin/../lib/gcc/arm-none-eabi/13.3.1/../../../../arm-none-eabi/lib/thumb/v7e-m+fp/hard/libc_nano.a(libc_a-closer.o)
                0x080069f8                _close_r
 .text._lseek_r
                0x08006a18       0x24 /opt/st/stm32cubeide_1.19.0/plugins/com.st.stm32cube.ide.mcu.externaltools.gnu-tools-for-stm32.13.3.rel1.linux64_1.0.0.202410170706/tools/bin/../lib/gcc/arm-none-eabi/13.3.1/../../../../arm-none-eabi/lib/thumb/v7e-m+fp/hard/libc_nano.a(libc_a-lseekr.o)
                0x08006a18                _lseek_r
 .text._read_r  0x08006a3c       0x24 /opt/st/stm32cubeide_1.19.0/plugins/com.st.stm32cube.ide.mcu.externaltools.gnu-tools-for-stm32.13.3.rel1.linux64_1.0.0.202410170706/tools/bin/../lib/gcc/arm-none-eabi/13.3.1/../../../../arm-none-eabi/lib/thumb/v7e-m+fp/hard/libc_nano.a(libc_a-readr.o)
                0x08006a3c                _read_r
 .text._write_r
                0x08006a60       0x24 /opt/st/stm32cubeide_1.19.0/plugins/com.st.stm32cube.ide.mcu.externaltools.gnu-tools-for-stm32.13.3.rel1.linux64_1.0.0.202410170706/tools/bin/../lib/gcc/arm-none-eabi/13.3.1/../../../../arm-none-eabi/lib/thumb/v7e-m+fp/hard/libc_nano.a(libc_a-writer.o)
                0x08006a60                _write_r
 .text.__errno  0x08006a84        0xc /opt/st/stm32cubeide_1.19.0/plugins/com.st.stm32cube.ide.mcu.externaltools.gnu-tools-for-stm32.13.3.rel1.linux64_1.0.0.202410170706/tools/bin/../lib/gcc/arm-none-eabi/13.3.1/../../../../arm-none-eabi/lib/thumb/v7e-m+fp/hard/libc_nano.a(libc_a-errno.o)
                0x08006a84                __errno
 .text.__libc_init_array
                0x08006a90       0x48 /opt/st/stm32cubeide_1.19.0/plugins/com.st.stm32cube.ide.mcu.externaltools.gnu-tools-for-stm32.13.3.rel1.linux64_1.0.0.202410170706/tools/bin/../lib/gcc/arm-none-eabi/13.3.1/../../../../arm-none-eabi/lib/thumb/v7e-m+fp/hard/libc_nano.a(libc_a-init.o)
                0x08006a90                __libc_init_array
 .text.__retarget_lock_init_recursive
                0x08006ad8        0x2 /opt/st/stm32cubeide_1.19.0/plugins/com.st.stm32cube.ide.mcu.externaltools.gnu-tools-for-stm32.13.3.rel1.linux64_1.0.0.202410170706/tools/bin/../lib/gcc/arm-none-eabi/13.3.1/../../../../arm-none-eabi/lib/thumb/v7e-m+fp/hard/libc_nano.a(libc_a-lock.o)
                0x08006ad8                __retarget_lock_init_recursive
 .text.__retarget_lock_acquire_recursive
                0x08006ada        0x2 /opt/st/stm32cubeide_1.19.0/plugins/com.st.stm32cube.ide.mcu.externaltools.gnu-tools-for-stm32.13.3.rel1.linux64_1.0.0.202410170706/tools/bin/../lib/gcc/arm-none-eabi/13.3.1/../../../../arm-none-eabi/lib/thumb/v7e-m+fp/hard/libc_nano.a(libc_a-lock.o)
                0x08006ada                __retarget_lock_acquire_recursive
 .text.__retarget_lock_release_recursive
                0x08006adc        0x2 /opt/st/stm32cubeide_1.19.0/plugins/com.st.stm32cube.ide.mcu.externaltools.gnu-tools-for-stm32.13.3.rel1.linux64_1.0.0.202410170706/tools/bin/../lib/gcc/arm-none-eabi/13.3.1/../../../../arm-none-eabi/lib/thumb/v7e-m+fp/hard/libc_nano.a(libc_a-lock.o)
                0x08006adc                __retarget_lock_release_recursive
 *fill*         0x08006ade        0x2 
 .text._free_r  0x08006ae0       0x94 /opt/st/stm32cubeide_1.19.0/plugins/com.st.stm32cube.ide.mcu.externaltools.gnu-tools-for-stm32.13.3.rel1.linux64_1.0.0.202410170706/tools/bin/../lib/gcc/arm-none-eabi/13.3.1/../../../../arm-none-eabi/lib/thumb/v7e-m+fp/hard/libc_nano.a(libc_a-freer.o)
                0x08006ae0                _free_r
 .text.sbrk_aligned
                0x08006b74       0x44 /opt/st/stm32cubeide_1.19.0/plugins/com.st.stm32cube.ide.mcu.externaltools.gnu-tools-for-stm32.13.3.rel1.linux64_1.0.0.202410170706/tools/bin/../lib/gcc/arm-none-eabi/13.3.1/../../../../arm-none-eabi/lib/thumb/v7e-m+fp/hard/libc_nano.a(libc_a-mallocr.o)
 .text._malloc_r
                0x08006bb8      0x100 /opt/st/stm32cubeide_1.19.0/plugins/com.st.stm32cube.ide.mcu.externaltools.gnu-tools-for-stm32.13.3.rel1.linux64_1.0.0.202410170706/tools/bin/../lib/gcc/arm-none-eabi/13.3.1/../../../../arm-none-eabi/lib/thumb/v7e-m+fp/hard/libc_nano.a(libc_a-mallocr.o)
                0x08006bb8                _malloc_r
 .text.__malloc_lock
                0x08006cb8        0xc /opt/st/stm32cubeide_1.19.0/plugins/com.st.stm32cube.ide.mcu.externaltools.gnu-tools-for-stm32.13.3.rel1.linux64_1.0.0.202410170706/tools/bin/../lib/gcc/arm-none-eabi/13.3.1/../../../../arm-none-eabi/lib/thumb/v7e-m+fp/hard/libc_nano.a(libc_a-mlock.o)
                0x08006cb8                __malloc_lock
 .text.__malloc_unlock
                0x08006cc4        0xc /opt/st/stm32cubeide_1.19.0/plugins/com.st.stm32cube.ide.mcu.externaltools.gnu-tools-for-stm32.13.3.rel1.linux64_1.0.0.202410170706/tools/bin/../lib/gcc/arm-none-eabi/13.3.1/../../../../arm-none-eabi/lib/thumb/v7e-m+fp/hard/libc_nano.a(libc_a-mlock.o)
                0x08006cc4                __malloc_unlock
 .text.__sfputc_r
                0x08006cd0       0x2e /opt/st/stm32cubeide_1.19.0/plugins/com.st.stm32cube.ide.mcu.externaltools.gnu-tools-for-stm32.13.3.rel1.linux64_1.0.0.202410170706/tools/bin/../lib/gcc/arm-none-eabi/13.3.1/../../../../arm-none-eabi/lib/thumb/v7e-m+fp/hard/libc_nano.a(libc_a-nano-vfprintf.o)
 .text.__sfputs_r
                0x08006cfe       0x24 /opt/st/stm32cubeide_1.19.0/plugins/com.st.stm32cube.ide.mcu.externaltools.gnu-tools-for-stm32.13.3.rel1.linux64_1.0.0.202410170706/tools/bin/../lib/gcc/arm-none-eabi/13.3.1/../../../../arm-none-eabi/lib/thumb/v7e-m+fp/hard/libc_nano.a(libc_a-nano-vfprintf.o)
                0x08006cfe                __sfputs_r
 *fill*         0x08006d22        0x2 
 .text._vfprintf_r
                0x08006d24      0x230 /opt/st/stm32cubeide_1.19.0/plugins/com.st.stm32cube.ide.mcu.externaltools.gnu-tools-for-stm32.13.3.rel1.linux64_1.0.0.202410170706/tools/bin/../lib/gcc/arm-none-eabi/13.3.1/../../../../arm-none-eabi/lib/thumb/v7e-m+fp/hard/libc_nano.a(libc_a-nano-vfprintf.o)
                0x08006d24                _vfiprintf_r
                0x08006d24                _vfprintf_r
 .text._printf_common
                0x08006f54       0xda /opt/st/stm32cubeide_1.19.0/plugins/com.st.stm32cube.ide.mcu.externaltools.gnu-tools-for-stm32.13.3.rel1.linux64_1.0.0.202410170706/tools/bin/../lib/gcc/arm-none-eabi/13.3.1/../../../../arm-none-eabi/lib/thumb/v7e-m+fp/hard/libc_nano.a(libc_a-nano-vfprintf_i.o)
                0x08006f54                _printf_common
 *fill*         0x0800702e        0x2 
 .text._printf_i
                0x08007030      0x23c /opt/st/stm32cubeide_1.19.0/plugins/com.st.stm32cube.ide.mcu.externaltools.gnu-tools-for-stm32.13.3.rel1.linux64_1.0.0.202410170706/tools/bin/../lib/gcc/arm-none-eabi/13.3.1/../../../../arm-none-eabi/lib/thumb/v7e-m+fp/hard/libc_nano.a(libc_a-nano-vfprintf_i.o)
                0x08007030                _printf_i
 .text.__sflush_r
                0x0800726c      0x108 /opt/st/stm32cubeide_1.19.0/plugins/com.st.stm32cube.ide.mcu.externaltools.gnu-tools-for-stm32.13.3.rel1.linux64_1.0.0.202410170706/tools/bin/../lib/gcc/arm-none-eabi/13.3.1/../../../../arm-none-eabi/lib/thumb/v7e-m+fp/hard/libc_nano.a(libc_a-fflush.o)
                0x0800726c                __sflush_r
 .text._fflush_r
                0x08007374       0x50 /opt/st/stm32cubeide_1.19.0/plugins/com.st.stm32cube.ide.mcu.externaltools.gnu-tools-for-stm32.13.3.rel1.linux64_1.0.0.202410170706/tools/bin/../lib/gcc/arm-none-eabi/13.3.1/../../../../arm-none-eabi/lib/thumb/v7e-m+fp/hard/libc_nano.a(libc_a-fflush.o)
                0x08007374                _fflush_r
 .text.__swbuf_r
                0x080073c4       0x7c /opt/st/stm32cubeide_1.19.0/plugins/com.st.stm32cube.ide.mcu.externaltools.gnu-tools-for-stm32.13.3.rel1.linux64_1.0.0.202410170706/tools/bin/../lib/gcc/arm-none-eabi/13.3.1/../../../../arm-none-eabi/lib/thumb/v7e-m+fp/hard/libc_nano.a(libc_a-wbuf.o)
                0x080073c4                __swbuf_r
 .text.__swsetup_r
                0x08007440       0xac /opt/st/stm32cubeide_1.19.0/plugins/com.st.stm32cube.ide.mcu.externaltools.gnu-tools-for-stm32.13.3.rel1.linux64_1.0.0.202410170706/tools/bin/../lib/gcc/arm-none-eabi/13.3.1/../../../../arm-none-eabi/lib/thumb/v7e-m+fp/hard/libc_nano.a(libc_a-wsetup.o)
                0x08007440                __swsetup_r
 .text._sbrk_r  0x080074ec       0x20 /opt/st/stm32cubeide_1.19.0/plugins/com.st.stm32cube.ide.mcu.externaltools.gnu-tools-for-stm32.13.3.rel1.linux64_1.0.0.202410170706/tools/bin/../lib/gcc/arm-none-eabi/13.3.1/../../../../arm-none-eabi/lib/thumb/v7e-m+fp/hard/libc_nano.a(libc_a-sbrkr.o)
                0x080074ec                _sbrk_r
 .text.__swhatbuf_r
                0x0800750c       0x4c /opt/st/stm32cubeide_1.19.0/plugins/com.st.stm32cube.ide.mcu.externaltools.gnu-tools-for-stm32.13.3.rel1.linux64_1.0.0.202410170706/tools/bin/../lib/gcc/arm-none-eabi/13.3.1/../../../../arm-none-eabi/lib/thumb/v7e-m+fp/hard/libc_nano.a(libc_a-makebuf.o)
                0x0800750c                __swhatbuf_r
 .text.__smakebuf_r
                0x08007558       0x78 /opt/st/stm32cubeide_1.19.0/plugins/com.st.stm32cube.ide.mcu.externaltools.gnu-tools-for-stm32.13.3.rel1.linux64_1.0.0.202410170706/tools/bin/../lib/gcc/arm-none-eabi/13.3.1/../../../../arm-none-eabi/lib/thumb/v7e-m+fp/hard/libc_nano.a(libc_a-makebuf.o)
                0x08007558                __smakebuf_r
 .text._fstat_r
                0x080075d0       0x24 /opt/st/stm32cubeide_1.19.0/plugins/com.st.stm32cube.ide.mcu.externaltools.gnu-tools-for-stm32.13.3.rel1.linux64_1.0.0.202410170706/tools/bin/../lib/gcc/arm-none-eabi/13.3.1/../../../../arm-none-eabi/lib/thumb/v7e-m+fp/hard/libc_nano.a(libc_a-fstatr.o)
                0x080075d0                _fstat_r
 .text._isatty_r
                0x080075f4       0x20 /opt/st/stm32cubeide_1.19.0/plugins/com.st.stm32cube.ide.mcu.externaltools.gnu-tools-for-stm32.13.3.rel1.linux64_1.0.0.202410170706/tools/bin/../lib/gcc/arm-none-eabi/13.3.1/../../../../arm-none-eabi/lib/thumb/v7e-m+fp/hard/libc_nano.a(libc_a-isattyr.o)
                0x080075f4                _isatty_r
 *(.glue_7)
 .glue_7        0x08007614        0x0 linker stubs
 *(.glue_7t)
 .glue_7t       0x08007614        0x0 linker stubs
 *(.eh_frame)
 .eh_frame      0x08007614        0x0 /opt/st/stm32cubeide_1.19.0/plugins/com.st.stm32cube.ide.mcu.externaltools.gnu-tools-for-stm32.13.3.rel1.linux64_1.0.0.202410170706/tools/bin/../lib/gcc/arm-none-eabi/13.3.1/thumb/v7e-m+fp/hard/crtbegin.o
 *(.init)
 .init          0x08007614        0x4 /opt/st/stm32cubeide_1.19.0/plugins/com.st.stm32cube.ide.mcu.externaltools.gnu-tools-for-stm32.13.3.rel1.linux64_1.0.0.202410170706/tools/bin/../lib/gcc/arm-none-eabi/13.3.1/thumb/v7e-m+fp/hard/crti.o
                0x08007614                _init
 .init          0x08007618        0x8 /opt/st/stm32cubeide_1.19.0/plugins/com.st.stm32cube.ide.mcu.externaltools.gnu-tools-for-stm32.13.3.rel1.linux64_1.0.0.202410170706/tools/bin/../lib/gcc/arm-none-eabi/13.3.1/thumb/v7e-m+fp/hard/crtn.o
 *(.fini)
 .fini          0x08007620        0x4 /opt/st/stm32cubeide_1.19.0/plugins/com.st.stm32cube.ide.mcu.externaltools.gnu-tools-for-stm32.13.3.rel1.linux64_1.0.0.202410170706/tools/bin/../lib/gcc/arm-none-eabi/13.3.1/thumb/v7e-m+fp/hard/crti.o
                0x08007620                _fini
 .fini          0x08007624        0x8 /opt/st/stm32cubeide_1.19.0/plugins/com.st.stm32cube.ide.mcu.externaltools.gnu-tools-for-stm32.13.3.rel1.linux64_1.0.0.202410170706/tools/bin/../lib/gcc/arm-none-eabi/13.3.1/thumb/v7e-m+fp/hard/crtn.o
                0x0800762c                        . = ALIGN (0x4)
                0x0800762c                        _etext = .

.vfp11_veneer   0x0800762c        0x0
 .vfp11_veneer  0x0800762c        0x0 linker stubs

.v4_bx          0x0800762c        0x0
 .v4_bx         0x0800762c        0x0 linker stubs

.iplt           0x0800762c        0x0
 .iplt          0x0800762c        0x0 /opt/st/stm32cubeide_1.19.0/plugins/com.st.stm32cube.ide.mcu.externaltools.gnu-tools-for-stm32.13.3.rel1.linux64_1.0.0.202410170706/tools/bin/../lib/gcc/arm-none-eabi/13.3.1/thumb/v7e-m+fp/hard/crtbegin.o

.rodata         0x0800762c       0xcc
                0x0800762c                        . = ALIGN (0x4)
 *(.rodata)
 .rodata        0x0800762c       0x2f ./Core/Src/AutoMode.o
 *fill*         0x0800765b        0x1 
 .rodata        0x0800765c       0x2e ./Core/Src/bluetooth.o
 *fill*         0x0800768a        0x2 
 .rodata        0x0800768c       0x17 ./Core/Src/speed.o
 *(.rodata*)
 *fill*         0x080076a3        0x1 
 .rodata.AHBPrescTable
                0x080076a4       0x10 ./Core/Src/system_stm32f4xx.o
                0x080076a4                AHBPrescTable
 .rodata.APBPrescTable
                0x080076b4        0x8 ./Core/Src/system_stm32f4xx.o
                0x080076b4                APBPrescTable
 .rodata.flagBitshiftOffset.0
                0x080076bc        0x8 ./Drivers/STM32F4xx_HAL_Driver/Src/stm32f4xx_hal_dma.o
 .rodata._vfprintf_r.str1.1
                0x080076c4       0x33 /opt/st/stm32cubeide_1.19.0/plugins/com.st.stm32cube.ide.mcu.externaltools.gnu-tools-for-stm32.13.3.rel1.linux64_1.0.0.202410170706/tools/bin/../lib/gcc/arm-none-eabi/13.3.1/../../../../arm-none-eabi/lib/thumb/v7e-m+fp/hard/libc_nano.a(libc_a-nano-vfprintf.o)
                                 0x11 (size before relaxing)
 .rodata._printf_i.str1.1
                0x080076f7       0x22 /opt/st/stm32cubeide_1.19.0/plugins/com.st.stm32cube.ide.mcu.externaltools.gnu-tools-for-stm32.13.3.rel1.linux64_1.0.0.202410170706/tools/bin/../lib/gcc/arm-none-eabi/13.3.1/../../../../arm-none-eabi/lib/thumb/v7e-m+fp/hard/libc_nano.a(libc_a-nano-vfprintf_i.o)
                0x0800771c                        . = ALIGN (0x4)
 *fill*         0x080076f7        0x1 

.ARM.extab      0x080076f8        0x0
                0x080076f8                        . = ALIGN (0x4)
 *(.ARM.extab* .gnu.linkonce.armextab.*)
                0x080076f8                        . = ALIGN (0x4)

.ARM            0x080076f8        0x8
                0x080076f8                        . = ALIGN (0x4)
                0x080076f8                        __exidx_start = .
 *(.ARM.exidx*)
 .ARM.exidx     0x080076f8        0x8 /opt/st/stm32cubeide_1.19.0/plugins/com.st.stm32cube.ide.mcu.externaltools.gnu-tools-for-stm32.13.3.rel1.linux64_1.0.0.202410170706/tools/bin/../lib/gcc/arm-none-eabi/13.3.1/../../../../arm-none-eabi/lib/thumb/v7e-m+fp/hard/libc_nano.a(libc_a-memchr.o)
 .ARM.exidx     0x08007700        0x0 /opt/st/stm32cubeide_1.19.0/plugins/com.st.stm32cube.ide.mcu.externaltools.gnu-tools-for-stm32.13.3.rel1.linux64_1.0.0.202410170706/tools/bin/../lib/gcc/arm-none-eabi/13.3.1/thumb/v7e-m+fp/hard/libgcc.a(_udivmoddi4.o)
                                  0x8 (size before relaxing)
                0x08007700                        __exidx_end = .
                0x08007700                        . = ALIGN (0x4)

.preinit_array  0x08007700        0x0
                0x08007700                        . = ALIGN (0x4)
                0x08007700                        PROVIDE (__preinit_array_start = .)
 *(.preinit_array*)
                0x08007700                        PROVIDE (__preinit_array_end = .)
                0x08007700                        . = ALIGN (0x4)

.init_array     0x08007700        0x4
                0x08007700                        . = ALIGN (0x4)
                0x08007700                        PROVIDE (__init_array_start = .)
 *(SORT_BY_NAME(.init_array.*))
 *(.init_array*)
 .init_array    0x08007700        0x4 /opt/st/stm32cubeide_1.19.0/plugins/com.st.stm32cube.ide.mcu.externaltools.gnu-tools-for-stm32.13.3.rel1.linux64_1.0.0.202410170706/tools/bin/../lib/gcc/arm-none-eabi/13.3.1/thumb/v7e-m+fp/hard/crtbegin.o
                0x08007704                        PROVIDE (__init_array_end = .)
                0x08007704                        . = ALIGN (0x4)

.fini_array     0x08007704        0x4
                0x08007704                        . = ALIGN (0x4)
                [!provide]                        PROVIDE (__fini_array_start = .)
 *(SORT_BY_NAME(.fini_array.*))
 *(.fini_array*)
 .fini_array    0x08007704        0x4 /opt/st/stm32cubeide_1.19.0/plugins/com.st.stm32cube.ide.mcu.externaltools.gnu-tools-for-stm32.13.3.rel1.linux64_1.0.0.202410170706/tools/bin/../lib/gcc/arm-none-eabi/13.3.1/thumb/v7e-m+fp/hard/crtbegin.o
                [!provide]                        PROVIDE (__fini_array_end = .)
                0x08007708                        . = ALIGN (0x4)
                0x08007708                        _sidata = LOADADDR (.data)

.rel.dyn        0x08007708        0x0
 .rel.iplt      0x08007708        0x0 /opt/st/stm32cubeide_1.19.0/plugins/com.st.stm32cube.ide.mcu.externaltools.gnu-tools-for-stm32.13.3.rel1.linux64_1.0.0.202410170706/tools/bin/../lib/gcc/arm-none-eabi/13.3.1/thumb/v7e-m+fp/hard/crtbegin.o

.data           0x20000000       0x70 load address 0x08007708
                0x20000000                        . = ALIGN (0x4)
                0x20000000                        _sdata = .
 *(.data)
 *(.data*)
 .data.Motor_speed
                0x20000000        0x4 ./Core/Src/bluetooth.o
                0x20000000                Motor_speed
 .data.Motor_speed_base
                0x20000004        0x4 ./Core/Src/bluetooth.o
                0x20000004                Motor_speed_base
 .data.SystemCoreClock
                0x20000008        0x4 ./Core/Src/system_stm32f4xx.o
                0x20000008                SystemCoreClock
 .data.uwTickPrio
                0x2000000c        0x4 ./Drivers/STM32F4xx_HAL_Driver/Src/stm32f4xx_hal.o
                0x2000000c                uwTickPrio
 .data.uwTickFreq
                0x20000010        0x1 ./Drivers/STM32F4xx_HAL_Driver/Src/stm32f4xx_hal.o
                0x20000010                uwTickFreq
 *fill*         0x20000011        0x3 
 .data.__sglue  0x20000014        0xc /opt/st/stm32cubeide_1.19.0/plugins/com.st.stm32cube.ide.mcu.externaltools.gnu-tools-for-stm32.13.3.rel1.linux64_1.0.0.202410170706/tools/bin/../lib/gcc/arm-none-eabi/13.3.1/../../../../arm-none-eabi/lib/thumb/v7e-m+fp/hard/libc_nano.a(libc_a-findfp.o)
                0x20000014                __sglue
 .data._impure_ptr
                0x20000020        0x4 /opt/st/stm32cubeide_1.19.0/plugins/com.st.stm32cube.ide.mcu.externaltools.gnu-tools-for-stm32.13.3.rel1.linux64_1.0.0.202410170706/tools/bin/../lib/gcc/arm-none-eabi/13.3.1/../../../../arm-none-eabi/lib/thumb/v7e-m+fp/hard/libc_nano.a(libc_a-impure.o)
                0x20000020                _impure_ptr
 .data._impure_data
                0x20000024       0x4c /opt/st/stm32cubeide_1.19.0/plugins/com.st.stm32cube.ide.mcu.externaltools.gnu-tools-for-stm32.13.3.rel1.linux64_1.0.0.202410170706/tools/bin/../lib/gcc/arm-none-eabi/13.3.1/../../../../arm-none-eabi/lib/thumb/v7e-m+fp/hard/libc_nano.a(libc_a-impure.o)
                0x20000024                _impure_data
 *(.RamFunc)
 *(.RamFunc*)
                0x20000070                        . = ALIGN (0x4)
                0x20000070                        _edata = .

.igot.plt       0x20000070        0x0 load address 0x08007778
 .igot.plt      0x20000070        0x0 /opt/st/stm32cubeide_1.19.0/plugins/com.st.stm32cube.ide.mcu.externaltools.gnu-tools-for-stm32.13.3.rel1.linux64_1.0.0.202410170706/tools/bin/../lib/gcc/arm-none-eabi/13.3.1/thumb/v7e-m+fp/hard/crtbegin.o
                0x20000070                        . = ALIGN (0x4)

.bss            0x20000070      0x364 load address 0x08007778
                0x20000070                        _sbss = .
                0x20000070                        __bss_start__ = _sbss
 *(.bss)
 .bss           0x20000070       0x1c /opt/st/stm32cubeide_1.19.0/plugins/com.st.stm32cube.ide.mcu.externaltools.gnu-tools-for-stm32.13.3.rel1.linux64_1.0.0.202410170706/tools/bin/../lib/gcc/arm-none-eabi/13.3.1/thumb/v7e-m+fp/hard/crtbegin.o
 *(.bss*)
 .bss.serial_RxData
                0x2000008c        0x1 ./Core/Src/bluetooth.o
                0x2000008c                serial_RxData
 .bss.go        0x2000008d        0x1 ./Core/Src/bluetooth.o
                0x2000008d                go
 .bss.back      0x2000008e        0x1 ./Core/Src/bluetooth.o
                0x2000008e                back
 .bss.right     0x2000008f        0x1 ./Core/Src/bluetooth.o
                0x2000008f                right
 .bss.left      0x20000090        0x1 ./Core/Src/bluetooth.o
                0x20000090                left
 .bss.stop      0x20000091        0x1 ./Core/Src/bluetooth.o
                0x20000091                stop
 .bss.original_speed
                0x20000092        0x2 ./Core/Src/bluetooth.o
                0x20000092                original_speed
 .bss.CarLightOn
                0x20000094        0x1 ./Core/Src/bluetooth.o
                0x20000094                CarLightOn
 .bss.CarLightOff
                0x20000095        0x1 ./Core/Src/bluetooth.o
                0x20000095                CarLightOff
 *fill*         0x20000096        0x2 
 .bss.num       0x20000098        0x4 ./Core/Src/bluetooth.o
                0x20000098                num
 .bss.AutoMode_Flag
                0x2000009c        0x1 ./Core/Src/bluetooth.o
                0x2000009c                AutoMode_Flag
 *fill*         0x2000009d        0x3 
 .bss.__sbrk_heap_end
                0x200000a0        0x4 ./Core/Src/sysmem.o
 .bss.htim2     0x200000a4       0x48 ./Core/Src/tim.o
                0x200000a4                htim2
 .bss.htim3     0x200000ec       0x48 ./Core/Src/tim.o
                0x200000ec                htim3
 .bss.htim11    0x20000134       0x48 ./Core/Src/tim.o
                0x20000134                htim11
 .bss.IC_Value1
                0x2000017c        0x2 ./Core/Src/urtrasoinc.o
                0x2000017c                IC_Value1
 .bss.IC_Value2
                0x2000017e        0x2 ./Core/Src/urtrasoinc.o
                0x2000017e                IC_Value2
 .bss.echoTime  0x20000180        0x2 ./Core/Src/urtrasoinc.o
                0x20000180                echoTime
 .bss.captureFlag
                0x20000182        0x1 ./Core/Src/urtrasoinc.o
                0x20000182                captureFlag
 .bss.distance_Right
                0x20000183        0x1 ./Core/Src/urtrasoinc.o
                0x20000183                distance_Right
 .bss.IC_2Value1
                0x20000184        0x2 ./Core/Src/urtrasoinc.o
                0x20000184                IC_2Value1
 .bss.IC_2Value2
                0x20000186        0x2 ./Core/Src/urtrasoinc.o
                0x20000186                IC_2Value2
 .bss.echo2Time
                0x20000188        0x2 ./Core/Src/urtrasoinc.o
                0x20000188                echo2Time
 .bss.capture2Flag
                0x2000018a        0x1 ./Core/Src/urtrasoinc.o
                0x2000018a                capture2Flag
 .bss.distance2_Front
                0x2000018b        0x1 ./Core/Src/urtrasoinc.o
                0x2000018b                distance2_Front
 .bss.IC_3Value1
                0x2000018c        0x2 ./Core/Src/urtrasoinc.o
                0x2000018c                IC_3Value1
 .bss.IC_3Value2
                0x2000018e        0x2 ./Core/Src/urtrasoinc.o
                0x2000018e                IC_3Value2
 .bss.echo3Time
                0x20000190        0x2 ./Core/Src/urtrasoinc.o
                0x20000190                echo3Time
 .bss.capture3Flag
                0x20000192        0x1 ./Core/Src/urtrasoinc.o
                0x20000192                capture3Flag
 .bss.distance3_Left
                0x20000193        0x1 ./Core/Src/urtrasoinc.o
                0x20000193                distance3_Left
 .bss.huart1    0x20000194       0x48 ./Core/Src/usart.o
                0x20000194                huart1
 .bss.huart2    0x200001dc       0x48 ./Core/Src/usart.o
                0x200001dc                huart2
 .bss.hdma_usart1_rx
                0x20000224       0x60 ./Core/Src/usart.o
                0x20000224                hdma_usart1_rx
 .bss.uwTick    0x20000284        0x4 ./Drivers/STM32F4xx_HAL_Driver/Src/stm32f4xx_hal.o
                0x20000284                uwTick
 .bss.__sf      0x20000288      0x138 /opt/st/stm32cubeide_1.19.0/plugins/com.st.stm32cube.ide.mcu.externaltools.gnu-tools-for-stm32.13.3.rel1.linux64_1.0.0.202410170706/tools/bin/../lib/gcc/arm-none-eabi/13.3.1/../../../../arm-none-eabi/lib/thumb/v7e-m+fp/hard/libc_nano.a(libc_a-findfp.o)
                0x20000288                __sf
 .bss.__stdio_exit_handler
                0x200003c0        0x4 /opt/st/stm32cubeide_1.19.0/plugins/com.st.stm32cube.ide.mcu.externaltools.gnu-tools-for-stm32.13.3.rel1.linux64_1.0.0.202410170706/tools/bin/../lib/gcc/arm-none-eabi/13.3.1/../../../../arm-none-eabi/lib/thumb/v7e-m+fp/hard/libc_nano.a(libc_a-findfp.o)
                0x200003c0                __stdio_exit_handler
 .bss.errno     0x200003c4        0x4 /opt/st/stm32cubeide_1.19.0/plugins/com.st.stm32cube.ide.mcu.externaltools.gnu-tools-for-stm32.13.3.rel1.linux64_1.0.0.202410170706/tools/bin/../lib/gcc/arm-none-eabi/13.3.1/../../../../arm-none-eabi/lib/thumb/v7e-m+fp/hard/libc_nano.a(libc_a-reent.o)
                0x200003c4                errno
 .bss.__lock___malloc_recursive_mutex
                0x200003c8        0x1 /opt/st/stm32cubeide_1.19.0/plugins/com.st.stm32cube.ide.mcu.externaltools.gnu-tools-for-stm32.13.3.rel1.linux64_1.0.0.202410170706/tools/bin/../lib/gcc/arm-none-eabi/13.3.1/../../../../arm-none-eabi/lib/thumb/v7e-m+fp/hard/libc_nano.a(libc_a-lock.o)
                0x200003c8                __lock___malloc_recursive_mutex
 .bss.__lock___sfp_recursive_mutex
                0x200003c9        0x1 /opt/st/stm32cubeide_1.19.0/plugins/com.st.stm32cube.ide.mcu.externaltools.gnu-tools-for-stm32.13.3.rel1.linux64_1.0.0.202410170706/tools/bin/../lib/gcc/arm-none-eabi/13.3.1/../../../../arm-none-eabi/lib/thumb/v7e-m+fp/hard/libc_nano.a(libc_a-lock.o)
                0x200003c9                __lock___sfp_recursive_mutex
 *fill*         0x200003ca        0x2 
 .bss.__malloc_sbrk_start
                0x200003cc        0x4 /opt/st/stm32cubeide_1.19.0/plugins/com.st.stm32cube.ide.mcu.externaltools.gnu-tools-for-stm32.13.3.rel1.linux64_1.0.0.202410170706/tools/bin/../lib/gcc/arm-none-eabi/13.3.1/../../../../arm-none-eabi/lib/thumb/v7e-m+fp/hard/libc_nano.a(libc_a-mallocr.o)
                0x200003cc                __malloc_sbrk_start
 .bss.__malloc_free_list
                0x200003d0        0x4 /opt/st/stm32cubeide_1.19.0/plugins/com.st.stm32cube.ide.mcu.externaltools.gnu-tools-for-stm32.13.3.rel1.linux64_1.0.0.202410170706/tools/bin/../lib/gcc/arm-none-eabi/13.3.1/../../../../arm-none-eabi/lib/thumb/v7e-m+fp/hard/libc_nano.a(libc_a-mallocr.o)
                0x200003d0                __malloc_free_list
 *(COMMON)
                0x200003d4                        . = ALIGN (0x4)
                0x200003d4                        _ebss = .
                0x200003d4                        __bss_end__ = _ebss

._user_heap_stack
                0x200003d4      0x604 load address 0x08007778
                0x200003d8                        . = ALIGN (0x8)
 *fill*         0x200003d4        0x4 
                [!provide]                        PROVIDE (end = .)
                0x200003d8                        PROVIDE (_end = .)
                0x200005d8                        . = (. + _Min_Heap_Size)
 *fill*         0x200003d8      0x200 
                0x200009d8                        . = (. + _Min_Stack_Size)
 *fill*         0x200005d8      0x400 
                0x200009d8                        . = ALIGN (0x8)

/DISCARD/
 libc.a(*)
 libm.a(*)
 libgcc.a(*)

.ARM.attributes
                0x00000000       0x30
 *(.ARM.attributes)
 .ARM.attributes
                0x00000000       0x22 /opt/st/stm32cubeide_1.19.0/plugins/com.st.stm32cube.ide.mcu.externaltools.gnu-tools-for-stm32.13.3.rel1.linux64_1.0.0.202410170706/tools/bin/../lib/gcc/arm-none-eabi/13.3.1/thumb/v7e-m+fp/hard/crti.o
 .ARM.attributes
                0x00000022       0x34 /opt/st/stm32cubeide_1.19.0/plugins/com.st.stm32cube.ide.mcu.externaltools.gnu-tools-for-stm32.13.3.rel1.linux64_1.0.0.202410170706/tools/bin/../lib/gcc/arm-none-eabi/13.3.1/thumb/v7e-m+fp/hard/crtbegin.o
 .ARM.attributes
                0x00000056       0x34 ./Core/Src/AutoMode.o
 .ARM.attributes
                0x0000008a       0x34 ./Core/Src/Car light.o
 .ARM.attributes
                0x000000be       0x34 ./Core/Src/bluetooth.o
 .ARM.attributes
                0x000000f2       0x34 ./Core/Src/delay_us.o
 .ARM.attributes
                0x00000126       0x34 ./Core/Src/dma.o
 .ARM.attributes
                0x0000015a       0x34 ./Core/Src/gpio.o
 .ARM.attributes
                0x0000018e       0x34 ./Core/Src/main.o
 .ARM.attributes
                0x000001c2       0x34 ./Core/Src/move.o
 .ARM.attributes
                0x000001f6       0x34 ./Core/Src/speed.o
 .ARM.attributes
                0x0000022a       0x34 ./Core/Src/stm32f4xx_hal_msp.o
 .ARM.attributes
                0x0000025e       0x34 ./Core/Src/stm32f4xx_it.o
 .ARM.attributes
                0x00000292       0x34 ./Core/Src/syscalls.o
 .ARM.attributes
                0x000002c6       0x34 ./Core/Src/sysmem.o
 .ARM.attributes
                0x000002fa       0x34 ./Core/Src/system_stm32f4xx.o
 .ARM.attributes
                0x0000032e       0x34 ./Core/Src/tim.o
 .ARM.attributes
                0x00000362       0x34 ./Core/Src/urtrasoinc.o
 .ARM.attributes
                0x00000396       0x34 ./Core/Src/usart.o
 .ARM.attributes
                0x000003ca       0x21 ./Core/Startup/startup_stm32f411retx.o
 .ARM.attributes
                0x000003eb       0x34 ./Drivers/STM32F4xx_HAL_Driver/Src/stm32f4xx_hal.o
 .ARM.attributes
                0x0000041f       0x34 ./Drivers/STM32F4xx_HAL_Driver/Src/stm32f4xx_hal_cortex.o
 .ARM.attributes
                0x00000453       0x34 ./Drivers/STM32F4xx_HAL_Driver/Src/stm32f4xx_hal_dma.o
 .ARM.attributes
                0x00000487       0x34 ./Drivers/STM32F4xx_HAL_Driver/Src/stm32f4xx_hal_gpio.o
 .ARM.attributes
                0x000004bb       0x34 ./Drivers/STM32F4xx_HAL_Driver/Src/stm32f4xx_hal_rcc.o
 .ARM.attributes
                0x000004ef       0x34 ./Drivers/STM32F4xx_HAL_Driver/Src/stm32f4xx_hal_tim.o
 .ARM.attributes
                0x00000523       0x34 ./Drivers/STM32F4xx_HAL_Driver/Src/stm32f4xx_hal_tim_ex.o
 .ARM.attributes
                0x00000557       0x34 ./Drivers/STM32F4xx_HAL_Driver/Src/stm32f4xx_hal_uart.o
 .ARM.attributes
                0x0000058b       0x34 /opt/st/stm32cubeide_1.19.0/plugins/com.st.stm32cube.ide.mcu.externaltools.gnu-tools-for-stm32.13.3.rel1.linux64_1.0.0.202410170706/tools/bin/../lib/gcc/arm-none-eabi/13.3.1/../../../../arm-none-eabi/lib/thumb/v7e-m+fp/hard/libc_nano.a(libc_a-findfp.o)
 .ARM.attributes
                0x000005bf       0x34 /opt/st/stm32cubeide_1.19.0/plugins/com.st.stm32cube.ide.mcu.externaltools.gnu-tools-for-stm32.13.3.rel1.linux64_1.0.0.202410170706/tools/bin/../lib/gcc/arm-none-eabi/13.3.1/../../../../arm-none-eabi/lib/thumb/v7e-m+fp/hard/libc_nano.a(libc_a-fwalk.o)
 .ARM.attributes
                0x000005f3       0x34 /opt/st/stm32cubeide_1.19.0/plugins/com.st.stm32cube.ide.mcu.externaltools.gnu-tools-for-stm32.13.3.rel1.linux64_1.0.0.202410170706/tools/bin/../lib/gcc/arm-none-eabi/13.3.1/../../../../arm-none-eabi/lib/thumb/v7e-m+fp/hard/libc_nano.a(libc_a-printf.o)
 .ARM.attributes
                0x00000627       0x34 /opt/st/stm32cubeide_1.19.0/plugins/com.st.stm32cube.ide.mcu.externaltools.gnu-tools-for-stm32.13.3.rel1.linux64_1.0.0.202410170706/tools/bin/../lib/gcc/arm-none-eabi/13.3.1/../../../../arm-none-eabi/lib/thumb/v7e-m+fp/hard/libc_nano.a(libc_a-stdio.o)
 .ARM.attributes
                0x0000065b       0x34 /opt/st/stm32cubeide_1.19.0/plugins/com.st.stm32cube.ide.mcu.externaltools.gnu-tools-for-stm32.13.3.rel1.linux64_1.0.0.202410170706/tools/bin/../lib/gcc/arm-none-eabi/13.3.1/../../../../arm-none-eabi/lib/thumb/v7e-m+fp/hard/libc_nano.a(libc_a-memset.o)
 .ARM.attributes
                0x0000068f       0x34 /opt/st/stm32cubeide_1.19.0/plugins/com.st.stm32cube.ide.mcu.externaltools.gnu-tools-for-stm32.13.3.rel1.linux64_1.0.0.202410170706/tools/bin/../lib/gcc/arm-none-eabi/13.3.1/../../../../arm-none-eabi/lib/thumb/v7e-m+fp/hard/libc_nano.a(libc_a-closer.o)
 .ARM.attributes
                0x000006c3       0x34 /opt/st/stm32cubeide_1.19.0/plugins/com.st.stm32cube.ide.mcu.externaltools.gnu-tools-for-stm32.13.3.rel1.linux64_1.0.0.202410170706/tools/bin/../lib/gcc/arm-none-eabi/13.3.1/../../../../arm-none-eabi/lib/thumb/v7e-m+fp/hard/libc_nano.a(libc_a-reent.o)
 .ARM.attributes
                0x000006f7       0x34 /opt/st/stm32cubeide_1.19.0/plugins/com.st.stm32cube.ide.mcu.externaltools.gnu-tools-for-stm32.13.3.rel1.linux64_1.0.0.202410170706/tools/bin/../lib/gcc/arm-none-eabi/13.3.1/../../../../arm-none-eabi/lib/thumb/v7e-m+fp/hard/libc_nano.a(libc_a-impure.o)
 .ARM.attributes
                0x0000072b       0x34 /opt/st/stm32cubeide_1.19.0/plugins/com.st.stm32cube.ide.mcu.externaltools.gnu-tools-for-stm32.13.3.rel1.linux64_1.0.0.202410170706/tools/bin/../lib/gcc/arm-none-eabi/13.3.1/../../../../arm-none-eabi/lib/thumb/v7e-m+fp/hard/libc_nano.a(libc_a-lseekr.o)
 .ARM.attributes
                0x0000075f       0x34 /opt/st/stm32cubeide_1.19.0/plugins/com.st.stm32cube.ide.mcu.externaltools.gnu-tools-for-stm32.13.3.rel1.linux64_1.0.0.202410170706/tools/bin/../lib/gcc/arm-none-eabi/13.3.1/../../../../arm-none-eabi/lib/thumb/v7e-m+fp/hard/libc_nano.a(libc_a-readr.o)
 .ARM.attributes
                0x00000793       0x34 /opt/st/stm32cubeide_1.19.0/plugins/com.st.stm32cube.ide.mcu.externaltools.gnu-tools-for-stm32.13.3.rel1.linux64_1.0.0.202410170706/tools/bin/../lib/gcc/arm-none-eabi/13.3.1/../../../../arm-none-eabi/lib/thumb/v7e-m+fp/hard/libc_nano.a(libc_a-writer.o)
 .ARM.attributes
                0x000007c7       0x34 /opt/st/stm32cubeide_1.19.0/plugins/com.st.stm32cube.ide.mcu.externaltools.gnu-tools-for-stm32.13.3.rel1.linux64_1.0.0.202410170706/tools/bin/../lib/gcc/arm-none-eabi/13.3.1/../../../../arm-none-eabi/lib/thumb/v7e-m+fp/hard/libc_nano.a(libc_a-errno.o)
 .ARM.attributes
                0x000007fb       0x34 /opt/st/stm32cubeide_1.19.0/plugins/com.st.stm32cube.ide.mcu.externaltools.gnu-tools-for-stm32.13.3.rel1.linux64_1.0.0.202410170706/tools/bin/../lib/gcc/arm-none-eabi/13.3.1/../../../../arm-none-eabi/lib/thumb/v7e-m+fp/hard/libc_nano.a(libc_a-init.o)
 .ARM.attributes
                0x0000082f       0x34 /opt/st/stm32cubeide_1.19.0/plugins/com.st.stm32cube.ide.mcu.externaltools.gnu-tools-for-stm32.13.3.rel1.linux64_1.0.0.202410170706/tools/bin/../lib/gcc/arm-none-eabi/13.3.1/../../../../arm-none-eabi/lib/thumb/v7e-m+fp/hard/libc_nano.a(libc_a-lock.o)
 .ARM.attributes
                0x00000863       0x34 /opt/st/stm32cubeide_1.19.0/plugins/com.st.stm32cube.ide.mcu.externaltools.gnu-tools-for-stm32.13.3.rel1.linux64_1.0.0.202410170706/tools/bin/../lib/gcc/arm-none-eabi/13.3.1/../../../../arm-none-eabi/lib/thumb/v7e-m+fp/hard/libc_nano.a(libc_a-freer.o)
 .ARM.attributes
                0x00000897       0x34 /opt/st/stm32cubeide_1.19.0/plugins/com.st.stm32cube.ide.mcu.externaltools.gnu-tools-for-stm32.13.3.rel1.linux64_1.0.0.202410170706/tools/bin/../lib/gcc/arm-none-eabi/13.3.1/../../../../arm-none-eabi/lib/thumb/v7e-m+fp/hard/libc_nano.a(libc_a-mallocr.o)
 .ARM.attributes
                0x000008cb       0x34 /opt/st/stm32cubeide_1.19.0/plugins/com.st.stm32cube.ide.mcu.externaltools.gnu-tools-for-stm32.13.3.rel1.linux64_1.0.0.202410170706/tools/bin/../lib/gcc/arm-none-eabi/13.3.1/../../../../arm-none-eabi/lib/thumb/v7e-m+fp/hard/libc_nano.a(libc_a-mlock.o)
 .ARM.attributes
                0x000008ff       0x34 /opt/st/stm32cubeide_1.19.0/plugins/com.st.stm32cube.ide.mcu.externaltools.gnu-tools-for-stm32.13.3.rel1.linux64_1.0.0.202410170706/tools/bin/../lib/gcc/arm-none-eabi/13.3.1/../../../../arm-none-eabi/lib/thumb/v7e-m+fp/hard/libc_nano.a(libc_a-nano-vfprintf.o)
 .ARM.attributes
                0x00000933       0x34 /opt/st/stm32cubeide_1.19.0/plugins/com.st.stm32cube.ide.mcu.externaltools.gnu-tools-for-stm32.13.3.rel1.linux64_1.0.0.202410170706/tools/bin/../lib/gcc/arm-none-eabi/13.3.1/../../../../arm-none-eabi/lib/thumb/v7e-m+fp/hard/libc_nano.a(libc_a-nano-vfprintf_i.o)
 .ARM.attributes
                0x00000967       0x34 /opt/st/stm32cubeide_1.19.0/plugins/com.st.stm32cube.ide.mcu.externaltools.gnu-tools-for-stm32.13.3.rel1.linux64_1.0.0.202410170706/tools/bin/../lib/gcc/arm-none-eabi/13.3.1/../../../../arm-none-eabi/lib/thumb/v7e-m+fp/hard/libc_nano.a(libc_a-fflush.o)
 .ARM.attributes
                0x0000099b       0x34 /opt/st/stm32cubeide_1.19.0/plugins/com.st.stm32cube.ide.mcu.externaltools.gnu-tools-for-stm32.13.3.rel1.linux64_1.0.0.202410170706/tools/bin/../lib/gcc/arm-none-eabi/13.3.1/../../../../arm-none-eabi/lib/thumb/v7e-m+fp/hard/libc_nano.a(libc_a-wbuf.o)
 .ARM.attributes
                0x000009cf       0x34 /opt/st/stm32cubeide_1.19.0/plugins/com.st.stm32cube.ide.mcu.externaltools.gnu-tools-for-stm32.13.3.rel1.linux64_1.0.0.202410170706/tools/bin/../lib/gcc/arm-none-eabi/13.3.1/../../../../arm-none-eabi/lib/thumb/v7e-m+fp/hard/libc_nano.a(libc_a-wsetup.o)
 .ARM.attributes
                0x00000a03       0x34 /opt/st/stm32cubeide_1.19.0/plugins/com.st.stm32cube.ide.mcu.externaltools.gnu-tools-for-stm32.13.3.rel1.linux64_1.0.0.202410170706/tools/bin/../lib/gcc/arm-none-eabi/13.3.1/../../../../arm-none-eabi/lib/thumb/v7e-m+fp/hard/libc_nano.a(libc_a-sbrkr.o)
 .ARM.attributes
                0x00000a37       0x1c /opt/st/stm32cubeide_1.19.0/plugins/com.st.stm32cube.ide.mcu.externaltools.gnu-tools-for-stm32.13.3.rel1.linux64_1.0.0.202410170706/tools/bin/../lib/gcc/arm-none-eabi/13.3.1/../../../../arm-none-eabi/lib/thumb/v7e-m+fp/hard/libc_nano.a(libc_a-memchr.o)
 .ARM.attributes
                0x00000a53       0x34 /opt/st/stm32cubeide_1.19.0/plugins/com.st.stm32cube.ide.mcu.externaltools.gnu-tools-for-stm32.13.3.rel1.linux64_1.0.0.202410170706/tools/bin/../lib/gcc/arm-none-eabi/13.3.1/../../../../arm-none-eabi/lib/thumb/v7e-m+fp/hard/libc_nano.a(libc_a-makebuf.o)
 .ARM.attributes
                0x00000a87       0x34 /opt/st/stm32cubeide_1.19.0/plugins/com.st.stm32cube.ide.mcu.externaltools.gnu-tools-for-stm32.13.3.rel1.linux64_1.0.0.202410170706/tools/bin/../lib/gcc/arm-none-eabi/13.3.1/../../../../arm-none-eabi/lib/thumb/v7e-m+fp/hard/libc_nano.a(libc_a-fstatr.o)
 .ARM.attributes
                0x00000abb       0x34 /opt/st/stm32cubeide_1.19.0/plugins/com.st.stm32cube.ide.mcu.externaltools.gnu-tools-for-stm32.13.3.rel1.linux64_1.0.0.202410170706/tools/bin/../lib/gcc/arm-none-eabi/13.3.1/../../../../arm-none-eabi/lib/thumb/v7e-m+fp/hard/libc_nano.a(libc_a-isattyr.o)
 .ARM.attributes
                0x00000aef       0x22 /opt/st/stm32cubeide_1.19.0/plugins/com.st.stm32cube.ide.mcu.externaltools.gnu-tools-for-stm32.13.3.rel1.linux64_1.0.0.202410170706/tools/bin/../lib/gcc/arm-none-eabi/13.3.1/thumb/v7e-m+fp/hard/libgcc.a(_aeabi_uldivmod.o)
 .ARM.attributes
                0x00000b11       0x34 /opt/st/stm32cubeide_1.19.0/plugins/com.st.stm32cube.ide.mcu.externaltools.gnu-tools-for-stm32.13.3.rel1.linux64_1.0.0.202410170706/tools/bin/../lib/gcc/arm-none-eabi/13.3.1/thumb/v7e-m+fp/hard/libgcc.a(_udivmoddi4.o)
 .ARM.attributes
                0x00000b45       0x22 /opt/st/stm32cubeide_1.19.0/plugins/com.st.stm32cube.ide.mcu.externaltools.gnu-tools-for-stm32.13.3.rel1.linux64_1.0.0.202410170706/tools/bin/../lib/gcc/arm-none-eabi/13.3.1/thumb/v7e-m+fp/hard/libgcc.a(_dvmd_tls.o)
 .ARM.attributes
                0x00000b67       0x22 /opt/st/stm32cubeide_1.19.0/plugins/com.st.stm32cube.ide.mcu.externaltools.gnu-tools-for-stm32.13.3.rel1.linux64_1.0.0.202410170706/tools/bin/../lib/gcc/arm-none-eabi/13.3.1/thumb/v7e-m+fp/hard/crtn.o
OUTPUT(991_CARproject_7_ALLPWM5.elf elf32-littlearm)
LOAD linker stubs
LOAD /opt/st/stm32cubeide_1.19.0/plugins/com.st.stm32cube.ide.mcu.externaltools.gnu-tools-for-stm32.13.3.rel1.linux64_1.0.0.202410170706/tools/bin/../lib/gcc/arm-none-eabi/13.3.1/../../../../arm-none-eabi/lib/thumb/v7e-m+fp/hard/libc.a
LOAD /opt/st/stm32cubeide_1.19.0/plugins/com.st.stm32cube.ide.mcu.externaltools.gnu-tools-for-stm32.13.3.rel1.linux64_1.0.0.202410170706/tools/bin/../lib/gcc/arm-none-eabi/13.3.1/../../../../arm-none-eabi/lib/thumb/v7e-m+fp/hard/libm.a
LOAD /opt/st/stm32cubeide_1.19.0/plugins/com.st.stm32cube.ide.mcu.externaltools.gnu-tools-for-stm32.13.3.rel1.linux64_1.0.0.202410170706/tools/bin/../lib/gcc/arm-none-eabi/13.3.1/thumb/v7e-m+fp/hard/libgcc.a

.debug_info     0x00000000    0x10df2
 .debug_info    0x00000000      0x34d ./Core/Src/AutoMode.o
 .debug_info    0x0000034d      0x1bf ./Core/Src/Car light.o
 .debug_info    0x0000050c      0xcfa ./Core/Src/bluetooth.o
 .debug_info    0x00001206      0x653 ./Core/Src/delay_us.o
 .debug_info    0x00001859      0x445 ./Core/Src/dma.o
 .debug_info    0x00001c9e      0x433 ./Core/Src/gpio.o
 .debug_info    0x000020d1      0xb15 ./Core/Src/main.o
 .debug_info    0x00002be6      0x256 ./Core/Src/move.o
 .debug_info    0x00002e3c      0x20e ./Core/Src/speed.o
 .debug_info    0x0000304a      0x291 ./Core/Src/stm32f4xx_hal_msp.o
 .debug_info    0x000032db      0x9cf ./Core/Src/stm32f4xx_it.o
 .debug_info    0x00003caa      0x6a3 ./Core/Src/syscalls.o
 .debug_info    0x0000434d      0x168 ./Core/Src/sysmem.o
 .debug_info    0x000044b5      0x53e ./Core/Src/system_stm32f4xx.o
 .debug_info    0x000049f3      0xfba ./Core/Src/tim.o
 .debug_info    0x000059ad      0xbef ./Core/Src/urtrasoinc.o
 .debug_info    0x0000659c      0xbc3 ./Core/Src/usart.o
 .debug_info    0x0000715f       0x30 ./Core/Startup/startup_stm32f411retx.o
 .debug_info    0x0000718f      0x8c4 ./Drivers/STM32F4xx_HAL_Driver/Src/stm32f4xx_hal.o
 .debug_info    0x00007a53      0xcfc ./Drivers/STM32F4xx_HAL_Driver/Src/stm32f4xx_hal_cortex.o
 .debug_info    0x0000874f      0x8e6 ./Drivers/STM32F4xx_HAL_Driver/Src/stm32f4xx_hal_dma.o
 .debug_info    0x00009035      0x6f9 ./Drivers/STM32F4xx_HAL_Driver/Src/stm32f4xx_hal_gpio.o
 .debug_info    0x0000972e      0x904 ./Drivers/STM32F4xx_HAL_Driver/Src/stm32f4xx_hal_rcc.o
 .debug_info    0x0000a032     0x2996 ./Drivers/STM32F4xx_HAL_Driver/Src/stm32f4xx_hal_tim.o
 .debug_info    0x0000c9c8     0x14d4 ./Drivers/STM32F4xx_HAL_Driver/Src/stm32f4xx_hal_tim_ex.o
 .debug_info    0x0000de9c     0x2f56 ./Drivers/STM32F4xx_HAL_Driver/Src/stm32f4xx_hal_uart.o

.debug_abbrev   0x00000000     0x2dd9
 .debug_abbrev  0x00000000      0x14d ./Core/Src/AutoMode.o
 .debug_abbrev  0x0000014d       0xf2 ./Core/Src/Car light.o
 .debug_abbrev  0x0000023f      0x24a ./Core/Src/bluetooth.o
 .debug_abbrev  0x00000489      0x171 ./Core/Src/delay_us.o
 .debug_abbrev  0x000005fa      0x10e ./Core/Src/dma.o
 .debug_abbrev  0x00000708      0x151 ./Core/Src/gpio.o
 .debug_abbrev  0x00000859      0x23e ./Core/Src/main.o
 .debug_abbrev  0x00000a97       0xf2 ./Core/Src/move.o
 .debug_abbrev  0x00000b89       0xfc ./Core/Src/speed.o
 .debug_abbrev  0x00000c85       0xd8 ./Core/Src/stm32f4xx_hal_msp.o
 .debug_abbrev  0x00000d5d      0x1ae ./Core/Src/stm32f4xx_it.o
 .debug_abbrev  0x00000f0b      0x1b6 ./Core/Src/syscalls.o
 .debug_abbrev  0x000010c1       0xbc ./Core/Src/sysmem.o
 .debug_abbrev  0x0000117d      0x11a ./Core/Src/system_stm32f4xx.o
 .debug_abbrev  0x00001297      0x276 ./Core/Src/tim.o
 .debug_abbrev  0x0000150d      0x229 ./Core/Src/urtrasoinc.o
 .debug_abbrev  0x00001736      0x231 ./Core/Src/usart.o
 .debug_abbrev  0x00001967       0x24 ./Core/Startup/startup_stm32f411retx.o
 .debug_abbrev  0x0000198b      0x24b ./Drivers/STM32F4xx_HAL_Driver/Src/stm32f4xx_hal.o
 .debug_abbrev  0x00001bd6      0x31d ./Drivers/STM32F4xx_HAL_Driver/Src/stm32f4xx_hal_cortex.o
 .debug_abbrev  0x00001ef3      0x221 ./Drivers/STM32F4xx_HAL_Driver/Src/stm32f4xx_hal_dma.o
 .debug_abbrev  0x00002114      0x1d3 ./Drivers/STM32F4xx_HAL_Driver/Src/stm32f4xx_hal_gpio.o
 .debug_abbrev  0x000022e7      0x2b6 ./Drivers/STM32F4xx_HAL_Driver/Src/stm32f4xx_hal_rcc.o
 .debug_abbrev  0x0000259d      0x28b ./Drivers/STM32F4xx_HAL_Driver/Src/stm32f4xx_hal_tim.o
 .debug_abbrev  0x00002828      0x296 ./Drivers/STM32F4xx_HAL_Driver/Src/stm32f4xx_hal_tim_ex.o
 .debug_abbrev  0x00002abe      0x31b ./Drivers/STM32F4xx_HAL_Driver/Src/stm32f4xx_hal_uart.o

.debug_aranges  0x00000000      0xf08
 .debug_aranges
                0x00000000       0x20 ./Core/Src/AutoMode.o
 .debug_aranges
                0x00000020       0x30 ./Core/Src/Car light.o
 .debug_aranges
                0x00000050       0x28 ./Core/Src/bluetooth.o
 .debug_aranges
                0x00000078       0x20 ./Core/Src/delay_us.o
 .debug_aranges
                0x00000098       0x20 ./Core/Src/dma.o
 .debug_aranges
                0x000000b8       0x20 ./Core/Src/gpio.o
 .debug_aranges
                0x000000d8       0x30 ./Core/Src/main.o
 .debug_aranges
                0x00000108       0x78 ./Core/Src/move.o
 .debug_aranges
                0x00000180       0x30 ./Core/Src/speed.o
 .debug_aranges
                0x000001b0       0x20 ./Core/Src/stm32f4xx_hal_msp.o
 .debug_aranges
                0x000001d0       0x80 ./Core/Src/stm32f4xx_it.o
 .debug_aranges
                0x00000250       0xa8 ./Core/Src/syscalls.o
 .debug_aranges
                0x000002f8       0x20 ./Core/Src/sysmem.o
 .debug_aranges
                0x00000318       0x28 ./Core/Src/system_stm32f4xx.o
 .debug_aranges
                0x00000340       0x58 ./Core/Src/tim.o
 .debug_aranges
                0x00000398       0x40 ./Core/Src/urtrasoinc.o
 .debug_aranges
                0x000003d8       0x38 ./Core/Src/usart.o
 .debug_aranges
                0x00000410       0x28 ./Core/Startup/startup_stm32f411retx.o
 .debug_aranges
                0x00000438       0xf0 ./Drivers/STM32F4xx_HAL_Driver/Src/stm32f4xx_hal.o
 .debug_aranges
                0x00000528      0x130 ./Drivers/STM32F4xx_HAL_Driver/Src/stm32f4xx_hal_cortex.o
 .debug_aranges
                0x00000658       0x90 ./Drivers/STM32F4xx_HAL_Driver/Src/stm32f4xx_hal_dma.o
 .debug_aranges
                0x000006e8       0x58 ./Drivers/STM32F4xx_HAL_Driver/Src/stm32f4xx_hal_gpio.o
 .debug_aranges
                0x00000740       0x88 ./Drivers/STM32F4xx_HAL_Driver/Src/stm32f4xx_hal_rcc.o
 .debug_aranges
                0x000007c8      0x3d0 ./Drivers/STM32F4xx_HAL_Driver/Src/stm32f4xx_hal_tim.o
 .debug_aranges
                0x00000b98      0x168 ./Drivers/STM32F4xx_HAL_Driver/Src/stm32f4xx_hal_tim_ex.o
 .debug_aranges
                0x00000d00      0x208 ./Drivers/STM32F4xx_HAL_Driver/Src/stm32f4xx_hal_uart.o

.debug_rnglists
                0x00000000      0xb89
 .debug_rnglists
                0x00000000       0x23 ./Core/Src/AutoMode.o
 .debug_rnglists
                0x00000023       0x1f ./Core/Src/Car light.o
 .debug_rnglists
                0x00000042       0x1b ./Core/Src/bluetooth.o
 .debug_rnglists
                0x0000005d       0x13 ./Core/Src/delay_us.o
 .debug_rnglists
                0x00000070       0x13 ./Core/Src/dma.o
 .debug_rnglists
                0x00000083       0x14 ./Core/Src/gpio.o
 .debug_rnglists
                0x00000097       0x20 ./Core/Src/main.o
 .debug_rnglists
                0x000000b7       0x55 ./Core/Src/move.o
 .debug_rnglists
                0x0000010c       0x1f ./Core/Src/speed.o
 .debug_rnglists
                0x0000012b       0x13 ./Core/Src/stm32f4xx_hal_msp.o
 .debug_rnglists
                0x0000013e       0x5b ./Core/Src/stm32f4xx_it.o
 .debug_rnglists
                0x00000199       0x79 ./Core/Src/syscalls.o
 .debug_rnglists
                0x00000212       0x13 ./Core/Src/sysmem.o
 .debug_rnglists
                0x00000225       0x1a ./Core/Src/system_stm32f4xx.o
 .debug_rnglists
                0x0000023f       0x40 ./Core/Src/tim.o
 .debug_rnglists
                0x0000027f       0x2c ./Core/Src/urtrasoinc.o
 .debug_rnglists
                0x000002ab       0x26 ./Core/Src/usart.o
 .debug_rnglists
                0x000002d1       0x19 ./Core/Startup/startup_stm32f411retx.o
 .debug_rnglists
                0x000002ea       0xaf ./Drivers/STM32F4xx_HAL_Driver/Src/stm32f4xx_hal.o
 .debug_rnglists
                0x00000399       0xe0 ./Drivers/STM32F4xx_HAL_Driver/Src/stm32f4xx_hal_cortex.o
 .debug_rnglists
                0x00000479       0x70 ./Drivers/STM32F4xx_HAL_Driver/Src/stm32f4xx_hal_dma.o
 .debug_rnglists
                0x000004e9       0x3f ./Drivers/STM32F4xx_HAL_Driver/Src/stm32f4xx_hal_gpio.o
 .debug_rnglists
                0x00000528       0x66 ./Drivers/STM32F4xx_HAL_Driver/Src/stm32f4xx_hal_rcc.o
 .debug_rnglists
                0x0000058e      0x31a ./Drivers/STM32F4xx_HAL_Driver/Src/stm32f4xx_hal_tim.o
 .debug_rnglists
                0x000008a8      0x125 ./Drivers/STM32F4xx_HAL_Driver/Src/stm32f4xx_hal_tim_ex.o
 .debug_rnglists
                0x000009cd      0x1bc ./Drivers/STM32F4xx_HAL_Driver/Src/stm32f4xx_hal_uart.o

.debug_macro    0x00000000    0x18ea0
 .debug_macro   0x00000000      0x364 ./Core/Src/AutoMode.o
 .debug_macro   0x00000364      0xad8 ./Core/Src/AutoMode.o
 .debug_macro   0x00000e3c      0x29b ./Core/Src/AutoMode.o
 .debug_macro   0x000010d7       0x2e ./Core/Src/AutoMode.o
 .debug_macro   0x00001105       0x28 ./Core/Src/AutoMode.o
 .debug_macro   0x0000112d       0x22 ./Core/Src/AutoMode.o
 .debug_macro   0x0000114f       0x8e ./Core/Src/AutoMode.o
 .debug_macro   0x000011dd       0x51 ./Core/Src/AutoMode.o
 .debug_macro   0x0000122e      0x103 ./Core/Src/AutoMode.o
 .debug_macro   0x00001331       0x6a ./Core/Src/AutoMode.o
 .debug_macro   0x0000139b      0x1df ./Core/Src/AutoMode.o
 .debug_macro   0x0000157a       0x1c ./Core/Src/AutoMode.o
 .debug_macro   0x00001596       0x22 ./Core/Src/AutoMode.o
 .debug_macro   0x000015b8       0xfb ./Core/Src/AutoMode.o
 .debug_macro   0x000016b3     0x1011 ./Core/Src/AutoMode.o
 .debug_macro   0x000026c4      0x11f ./Core/Src/AutoMode.o
 .debug_macro   0x000027e3     0xb968 ./Core/Src/AutoMode.o
 .debug_macro   0x0000e14b       0x6d ./Core/Src/AutoMode.o
 .debug_macro   0x0000e1b8     0x3693 ./Core/Src/AutoMode.o
 .debug_macro   0x0001184b      0x190 ./Core/Src/AutoMode.o
 .debug_macro   0x000119db       0x5c ./Core/Src/AutoMode.o
 .debug_macro   0x00011a37      0x45c ./Core/Src/AutoMode.o
 .debug_macro   0x00011e93      0x9e9 ./Core/Src/AutoMode.o
 .debug_macro   0x0001287c      0x115 ./Core/Src/AutoMode.o
 .debug_macro   0x00012991      0x11b ./Core/Src/AutoMode.o
 .debug_macro   0x00012aac       0xa5 ./Core/Src/AutoMode.o
 .debug_macro   0x00012b51      0x15f ./Core/Src/AutoMode.o
 .debug_macro   0x00012cb0      0x287 ./Core/Src/AutoMode.o
 .debug_macro   0x00012f37       0x5f ./Core/Src/AutoMode.o
 .debug_macro   0x00012f96      0x236 ./Core/Src/AutoMode.o
 .debug_macro   0x000131cc      0x132 ./Core/Src/AutoMode.o
 .debug_macro   0x000132fe      0x264 ./Core/Src/AutoMode.o
 .debug_macro   0x00013562       0x2e ./Core/Src/AutoMode.o
 .debug_macro   0x00013590      0x127 ./Core/Src/AutoMode.o
 .debug_macro   0x000136b7       0x85 ./Core/Src/AutoMode.o
 .debug_macro   0x0001373c       0x89 ./Core/Src/AutoMode.o
 .debug_macro   0x000137c5      0x8ed ./Core/Src/AutoMode.o
 .debug_macro   0x000140b2       0x47 ./Core/Src/AutoMode.o
 .debug_macro   0x000140f9      0x2aa ./Core/Src/AutoMode.o
 .debug_macro   0x000143a3      0x126 ./Core/Src/AutoMode.o
 .debug_macro   0x000144c9       0x34 ./Core/Src/AutoMode.o
 .debug_macro   0x000144fd       0x61 ./Core/Src/AutoMode.o
 .debug_macro   0x0001455e       0x2a ./Core/Src/AutoMode.o
 .debug_macro   0x00014588       0x43 ./Core/Src/AutoMode.o
 .debug_macro   0x000145cb       0x34 ./Core/Src/AutoMode.o
 .debug_macro   0x000145ff       0x16 ./Core/Src/AutoMode.o
 .debug_macro   0x00014615       0x3c ./Core/Src/AutoMode.o
 .debug_macro   0x00014651      0x370 ./Core/Src/AutoMode.o
 .debug_macro   0x000149c1       0x10 ./Core/Src/AutoMode.o
 .debug_macro   0x000149d1       0x16 ./Core/Src/AutoMode.o
 .debug_macro   0x000149e7       0x4a ./Core/Src/AutoMode.o
 .debug_macro   0x00014a31       0x34 ./Core/Src/AutoMode.o
 .debug_macro   0x00014a65       0x10 ./Core/Src/AutoMode.o
 .debug_macro   0x00014a75       0x58 ./Core/Src/AutoMode.o
 .debug_macro   0x00014acd       0x8e ./Core/Src/AutoMode.o
 .debug_macro   0x00014b5b       0x1c ./Core/Src/AutoMode.o
 .debug_macro   0x00014b77      0x185 ./Core/Src/AutoMode.o
 .debug_macro   0x00014cfc       0x16 ./Core/Src/AutoMode.o
 .debug_macro   0x00014d12       0x16 ./Core/Src/AutoMode.o
 .debug_macro   0x00014d28      0x146 ./Core/Src/AutoMode.o
 .debug_macro   0x00014e6e       0x16 ./Core/Src/AutoMode.o
 .debug_macro   0x00014e84      0x1e7 ./Core/Src/Car light.o
 .debug_macro   0x0001506b       0x10 ./Core/Src/Car light.o
 .debug_macro   0x0001507b      0x32c ./Core/Src/bluetooth.o
 .debug_macro   0x000153a7      0x1ec ./Core/Src/delay_us.o
 .debug_macro   0x00015593      0x1e2 ./Core/Src/dma.o
 .debug_macro   0x00015775      0x1e2 ./Core/Src/gpio.o
 .debug_macro   0x00015957      0x363 ./Core/Src/main.o
 .debug_macro   0x00015cba      0x32c ./Core/Src/move.o
 .debug_macro   0x00015fe6      0x338 ./Core/Src/speed.o
 .debug_macro   0x0001631e      0x1d8 ./Core/Src/stm32f4xx_hal_msp.o
 .debug_macro   0x000164f6      0x1e2 ./Core/Src/stm32f4xx_it.o
 .debug_macro   0x000166d8      0x274 ./Core/Src/syscalls.o
 .debug_macro   0x0001694c       0x5b ./Core/Src/syscalls.o
 .debug_macro   0x000169a7       0x94 ./Core/Src/syscalls.o
 .debug_macro   0x00016a3b       0x57 ./Core/Src/syscalls.o
 .debug_macro   0x00016a92       0x10 ./Core/Src/syscalls.o
 .debug_macro   0x00016aa2       0x10 ./Core/Src/syscalls.o
 .debug_macro   0x00016ab2       0x10 ./Core/Src/syscalls.o
 .debug_macro   0x00016ac2       0x10 ./Core/Src/syscalls.o
 .debug_macro   0x00016ad2       0x1c ./Core/Src/syscalls.o
 .debug_macro   0x00016aee       0x52 ./Core/Src/syscalls.o
 .debug_macro   0x00016b40       0x22 ./Core/Src/syscalls.o
 .debug_macro   0x00016b62       0x10 ./Core/Src/syscalls.o
 .debug_macro   0x00016b72       0x52 ./Core/Src/syscalls.o
 .debug_macro   0x00016bc4       0xcf ./Core/Src/syscalls.o
 .debug_macro   0x00016c93       0x1c ./Core/Src/syscalls.o
 .debug_macro   0x00016caf       0x3d ./Core/Src/syscalls.o
 .debug_macro   0x00016cec       0x35 ./Core/Src/syscalls.o
 .debug_macro   0x00016d21      0x12c ./Core/Src/syscalls.o
 .debug_macro   0x00016e4d       0x16 ./Core/Src/syscalls.o
 .debug_macro   0x00016e63       0x16 ./Core/Src/syscalls.o
 .debug_macro   0x00016e79       0x29 ./Core/Src/syscalls.o
 .debug_macro   0x00016ea2       0x10 ./Core/Src/syscalls.o
 .debug_macro   0x00016eb2      0x242 ./Core/Src/syscalls.o
 .debug_macro   0x000170f4       0x1c ./Core/Src/syscalls.o
 .debug_macro   0x00017110       0x10 ./Core/Src/syscalls.o
 .debug_macro   0x00017120      0x18a ./Core/Src/syscalls.o
 .debug_macro   0x000172aa       0x16 ./Core/Src/syscalls.o
 .debug_macro   0x000172c0       0xce ./Core/Src/syscalls.o
 .debug_macro   0x0001738e      0x112 ./Core/Src/sysmem.o
 .debug_macro   0x000174a0      0x23c ./Core/Src/sysmem.o
 .debug_macro   0x000176dc      0x1ce ./Core/Src/system_stm32f4xx.o
 .debug_macro   0x000178aa      0x1e2 ./Core/Src/tim.o
 .debug_macro   0x00017a8c      0x330 ./Core/Src/urtrasoinc.o
 .debug_macro   0x00017dbc      0x1e2 ./Core/Src/usart.o
 .debug_macro   0x00017f9e      0x22e ./Drivers/STM32F4xx_HAL_Driver/Src/stm32f4xx_hal.o
 .debug_macro   0x000181cc      0x1ce ./Drivers/STM32F4xx_HAL_Driver/Src/stm32f4xx_hal_cortex.o
 .debug_macro   0x0001839a      0x1d4 ./Drivers/STM32F4xx_HAL_Driver/Src/stm32f4xx_hal_dma.o
 .debug_macro   0x0001856e      0x1d4 ./Drivers/STM32F4xx_HAL_Driver/Src/stm32f4xx_hal_gpio.o
 .debug_macro   0x00018742      0x1f2 ./Drivers/STM32F4xx_HAL_Driver/Src/stm32f4xx_hal_rcc.o
 .debug_macro   0x00018934      0x1cf ./Drivers/STM32F4xx_HAL_Driver/Src/stm32f4xx_hal_tim.o
 .debug_macro   0x00018b03      0x1ce ./Drivers/STM32F4xx_HAL_Driver/Src/stm32f4xx_hal_tim_ex.o
 .debug_macro   0x00018cd1      0x1cf ./Drivers/STM32F4xx_HAL_Driver/Src/stm32f4xx_hal_uart.o

.debug_line     0x00000000    0x1367f
 .debug_line    0x00000000      0xa05 ./Core/Src/AutoMode.o
 .debug_line    0x00000a05      0x6bd ./Core/Src/Car light.o
 .debug_line    0x000010c2      0xc0c ./Core/Src/bluetooth.o
 .debug_line    0x00001cce      0x6a7 ./Core/Src/delay_us.o
 .debug_line    0x00002375      0x687 ./Core/Src/dma.o
 .debug_line    0x000029fc      0x6b7 ./Core/Src/gpio.o